Archive member included to satisfy reference by file (symbol)

platform/libplatform_s.a(system_nrf5340_application.o)
                              secure_fw/CMakeFiles/tfm_s.dir/__/platform/ext/target/nordic_nrf/common/nrf5340/gcc/startup_nrf5340.o (SystemInit)
secure_fw/partitions/lib/runtime/libtfm_sprt.a(crt_memset.o)
                              c:/ncs/toolchains/31f4403e35/opt/zephyr-sdk/arm-zephyr-eabi/bin/../lib/gcc/arm-zephyr-eabi/12.2.0/../../../../arm-zephyr-eabi/lib/thumb/v8-m.main/nofp/crt0.o (memset)
secure_fw/spm/libtfm_spm.a(utilities.o)
                              secure_fw/CMakeFiles/tfm_s.dir/__/platform/ext/common/faults.o (tfm_core_panic)
secure_fw/spm/libtfm_spm.a(main.o)
                              c:/ncs/toolchains/31f4403e35/opt/zephyr-sdk/arm-zephyr-eabi/bin/../lib/gcc/arm-zephyr-eabi/12.2.0/../../../../arm-zephyr-eabi/lib/thumb/v8-m.main/nofp/crt0.o (main)
secure_fw/spm/libtfm_spm.a(spm_cross_call.o)
                              secure_fw/CMakeFiles/tfm_s.dir/partitions/ns_agent_tz/psa_api_veneers_v80m.o (spm_interface_cross_dispatcher)
secure_fw/spm/libtfm_spm.a(psa_api.o)
                              secure_fw/spm/libtfm_spm.a(spm_cross_call.o) (spm_handle_programmer_errors)
secure_fw/spm/libtfm_spm.a(backend_ipc.o)
                              secure_fw/spm/libtfm_spm.a(psa_api.o) (backend_messaging)
secure_fw/spm/libtfm_spm.a(tfm_core_svcalls_ipc.o)
                              secure_fw/spm/libtfm_spm.a(main.o) (tfm_core_handler_mode)
secure_fw/spm/libtfm_spm.a(thread.o)
                              secure_fw/spm/libtfm_spm.a(spm_cross_call.o) (thrd_next)
secure_fw/spm/libtfm_spm.a(tfm_arch_v8m_main.o)
                              secure_fw/spm/libtfm_spm.a(spm_cross_call.o) (arch_non_preempt_call)
secure_fw/spm/libtfm_spm.a(ns_agent_tz_v80m.o)
                              secure_fw/CMakeFiles/tfm_s.dir/partitions/ns_agent_tz/load_info_ns_agent_tz.o (ns_agent_tz_main)
secure_fw/spm/libtfm_spm.a(tfm_hal_isolation.o)
                              secure_fw/spm/libtfm_spm.a(backend_ipc.o) (tfm_hal_activate_boundary)
secure_fw/spm/libtfm_spm.a(target_cfg.o)
                              secure_fw/spm/libtfm_spm.a(tfm_hal_isolation.o) (sau_and_idau_cfg)
secure_fw/spm/libtfm_spm.a(tfm_boot_data.o)
                              secure_fw/spm/libtfm_spm.a(main.o) (tfm_core_validate_boot_data)
secure_fw/spm/libtfm_spm.a(tfm_arch.o)
                              secure_fw/spm/libtfm_spm.a(tfm_core_svcalls_ipc.o) (tfm_arch_free_msp_and_exc_ret)
secure_fw/spm/libtfm_spm.a(spm_ipc.o)
                              secure_fw/spm/libtfm_spm.a(psa_api.o) (tfm_spm_to_user_handle)
secure_fw/spm/libtfm_spm.a(static_loader.o)
                              secure_fw/spm/libtfm_spm.a(spm_ipc.o) (load_a_partition_assuredly)
secure_fw/spm/libtfm_spm.a(tfm_pools.o)
                              secure_fw/spm/libtfm_spm.a(spm_ipc.o) (tfm_pool_init)
secure_fw/spm/libtfm_spm.a(tfm_spm_ns_ctx.o)
                              secure_fw/spm/libtfm_spm.a(spm_ipc.o) (tfm_nspm_get_current_client_id)
secure_fw/spm/libtfm_spm.a(ns_agent_tz_init.o)
                              secure_fw/spm/libtfm_spm.a(ns_agent_tz_v80m.o) (ns_agent_tz_init_c)
secure_fw/spm/libtfm_spm.a(tfm_hal_platform_common.o)
                              secure_fw/spm/libtfm_spm.a(ns_agent_tz_init.o) (tfm_hal_get_ns_VTOR)
secure_fw/partitions/platform/libtfm_psa_rot_partition_platform.a(platform_sp.o)
                              secure_fw/CMakeFiles/tfm_s.dir/__/generated/secure_fw/partitions/platform/auto_generated/load_info_tfm_platform.o (tfm_platform_service_sfn)
secure_fw/partitions/platform/libtfm_psa_rot_partition_platform.a(intermedia_tfm_platform.o)
                              secure_fw/CMakeFiles/tfm_s.dir/__/generated/secure_fw/partitions/platform/auto_generated/load_info_tfm_platform.o (tfm_sp_platform_stack)
platform/libplatform_s.a(mpu_armv8m_drv.o)
                              secure_fw/spm/libtfm_spm.a(tfm_hal_isolation.o) (mpu_armv8m_enable)
platform/libplatform_s.a(spu.o)
                              secure_fw/spm/libtfm_spm.a(target_cfg.o) (spu_enable_interrupts)
platform/libplatform_s.a(tfm_hal_platform.o)
                              secure_fw/spm/libtfm_spm.a(main.o) (tfm_hal_platform_init)
platform/libplatform_s.a(dummy_otp.o)
                              secure_fw/spm/libtfm_spm.a(main.o) (tfm_plat_otp_init)
platform/libplatform_s.a(dummy_provisioning.o)
                              secure_fw/spm/libtfm_spm.a(main.o) (tfm_plat_provisioning_is_required)
platform/libplatform_s.a(tfm_platform_system.o)
                              secure_fw/partitions/platform/libtfm_psa_rot_partition_platform.a(platform_sp.o) (tfm_platform_hal_system_reset)
platform/libplatform_s.a(tfm_hal_reset_halt.o)
                              secure_fw/spm/libtfm_spm.a(utilities.o) (tfm_hal_system_reset)
platform/libplatform_s.a(tfm_hal_memory_symbols.o)
[...]
Memory Configuration

Name             Origin             Length             Attributes
FLASH            0x0000000000000000 0x0000000000008000 xr
RAM              0x0000000020000000 0x0000000000008000 xrw
*default*        0x0000000000000000 0xffffffffffffffff

Linker script and memory map

LOAD c:/ncs/toolchains/31f4403e35/opt/zephyr-sdk/arm-zephyr-eabi/bin/../lib/gcc/arm-zephyr-eabi/12.2.0/thumb/v8-m.main/nofp/crti.o
LOAD c:/ncs/toolchains/31f4403e35/opt/zephyr-sdk/arm-zephyr-eabi/bin/../lib/gcc/arm-zephyr-eabi/12.2.0/thumb/v8-m.main/nofp/crtbegin.o
LOAD c:/ncs/toolchains/31f4403e35/opt/zephyr-sdk/arm-zephyr-eabi/bin/../lib/gcc/arm-zephyr-eabi/12.2.0/../../../../arm-zephyr-eabi/lib/thumb/v8-m.main/nofp/crt0.o
LOAD secure_fw/CMakeFiles/tfm_s.dir/partitions/ns_agent_tz/psa_api_veneers_v80m.o
LOAD secure_fw/CMakeFiles/tfm_s.dir/__/platform/ext/target/nordic_nrf/common/nrf5340/gcc/startup_nrf5340.o
LOAD secure_fw/CMakeFiles/tfm_s.dir/__/platform/ext/common/faults.o
LOAD secure_fw/CMakeFiles/tfm_s.dir/__/generated/secure_fw/partitions/crypto/auto_generated/load_info_tfm_crypto.o
LOAD secure_fw/CMakeFiles/tfm_s.dir/__/generated/secure_fw/partitions/platform/auto_generated/load_info_tfm_platform.o
LOAD secure_fw/CMakeFiles/tfm_s.dir/partitions/ns_agent_tz/load_info_ns_agent_tz.o
LOAD platform/libplatform_s.a
LOAD secure_fw/partitions/lib/runtime/libtfm_sprt.a
LOAD secure_fw/spm/libtfm_spm.a
LOAD secure_fw/partitions/platform/libtfm_psa_rot_partition_platform.a
LOAD platform/libplatform_s.a
LOAD secure_fw/partitions/lib/runtime/libtfm_sprt.a
LOAD secure_fw/partitions/crypto/libtfm_psa_rot_partition_crypto.a
LOAD platform/libplatform_crypto_keys.a
LOAD secure_fw/partitions/crypto/mbedcrypto/nrf_security_src/libcrypto_service_mbedcrypto.a
LOAD platform/libplatform_s.a
LOAD secure_fw/partitions/lib/runtime/libtfm_sprt.a
LOAD secure_fw/partitions/crypto/libtfm_psa_rot_partition_crypto.a
LOAD platform/libplatform_crypto_keys.a
LOAD secure_fw/partitions/crypto/mbedcrypto/nrf_security_src/libcrypto_service_mbedcrypto.a
LOAD platform/libplatform_s.a
LOAD secure_fw/partitions/lib/runtime/libtfm_sprt.a
LOAD secure_fw/partitions/crypto/libtfm_psa_rot_partition_crypto.a
LOAD platform/libplatform_crypto_keys.a
LOAD secure_fw/partitions/crypto/mbedcrypto/nrf_security_src/libcrypto_service_mbedcrypto.a
LOAD C:/ncs/v2.4.0/nrfxlib/crypto/nrf_cc312_platform/lib/cortex-m33/soft-float/no-interrupts/libnrf_cc312_platform_0.9.17.a
LOAD C:/ncs/v2.4.0/nrfxlib/crypto/nrf_oberon/lib/cortex-m33/soft-float/liboberon_mbedtls_3.0.13.a
LOAD secure_fw/partitions/crypto/mbedcrypto/nrf_security_src/libmbedcrypto_base.a
LOAD C:/ncs/v2.4.0/nrfxlib/crypto/nrf_oberon/lib/cortex-m33/soft-float/liboberon_3.0.13.a
START GROUP
LOAD c:/ncs/toolchains/31f4403e35/opt/zephyr-sdk/arm-zephyr-eabi/bin/../lib/gcc/arm-zephyr-eabi/12.2.0/thumb/v8-m.main/nofp\libgcc.a
LOAD c:/ncs/toolchains/31f4403e35/opt/zephyr-sdk/arm-zephyr-eabi/bin/../lib/gcc/arm-zephyr-eabi/12.2.0/../../../../arm-zephyr-eabi/lib/thumb/v8-m.main/nofp\libc_nano.a
END GROUP
START GROUP
LOAD c:/ncs/toolchains/31f4403e35/opt/zephyr-sdk/arm-zephyr-eabi/bin/../lib/gcc/arm-zephyr-eabi/12.2.0/thumb/v8-m.main/nofp\libgcc.a
LOAD c:/ncs/toolchains/31f4403e35/opt/zephyr-sdk/arm-zephyr-eabi/bin/../lib/gcc/arm-zephyr-eabi/12.2.0/../../../../arm-zephyr-eabi/lib/thumb/v8-m.main/nofp\libc_nano.a
END GROUP
LOAD c:/ncs/toolchains/31f4403e35/opt/zephyr-sdk/arm-zephyr-eabi/bin/../lib/gcc/arm-zephyr-eabi/12.2.0/thumb/v8-m.main/nofp/crtend.o
LOAD c:/ncs/toolchains/31f4403e35/opt/zephyr-sdk/arm-zephyr-eabi/bin/../lib/gcc/arm-zephyr-eabi/12.2.0/thumb/v8-m.main/nofp/crtn.o
                0x0000000000000800                __msp_stack_size__ = 0x800
START GROUP
LOAD c:/ncs/toolchains/31f4403e35/opt/zephyr-sdk/arm-zephyr-eabi/bin/../lib/gcc/arm-zephyr-eabi/12.2.0/thumb/v8-m.main/nofp\libgcc.a
LOAD c:/ncs/toolchains/31f4403e35/opt/zephyr-sdk/arm-zephyr-eabi/bin/../lib/gcc/arm-zephyr-eabi/12.2.0/../../../../arm-zephyr-eabi/lib/thumb/v8-m.main/nofp\libc.a
LOAD c:/ncs/toolchains/31f4403e35/opt/zephyr-sdk/arm-zephyr-eabi/bin/../lib/gcc/arm-zephyr-eabi/12.2.0/../../../../arm-zephyr-eabi/lib/thumb/v8-m.main/nofp\libm.a
LOAD c:/ncs/toolchains/31f4403e35/opt/zephyr-sdk/arm-zephyr-eabi/bin/../lib/gcc/arm-zephyr-eabi/12.2.0/../../../../arm-zephyr-eabi/lib/thumb/v8-m.main/nofp\libnosys.a
LOAD c:/ncs/toolchains/31f4403e35/opt/zephyr-sdk/arm-zephyr-eabi/bin/../lib/gcc/arm-zephyr-eabi/12.2.0/../../../../arm-zephyr-eabi/lib/thumb/v8-m.main/nofp\libc_nano.a
END GROUP

.TFM_VECTORS    0x0000000000000000      0x154
                0x0000000000000000                __vectors_start__ = .
 *(.vectors)
 .vectors       0x0000000000000000      0x154 secure_fw/CMakeFiles/tfm_s.dir/__/platform/ext/target/nordic_nrf/common/nrf5340/gcc/startup_nrf5340.o
                0x0000000000000000                __Vectors
                0x0000000000000154                . = ALIGN (0x4)
                0x0000000000000154                __vectors_end__ = .
                0x0000000000000001                ASSERT ((. <= (ADDR (.TFM_VECTORS) + 0x154)), .TFM_VECTORS section size overflow.)
                0x0000000000000154                . = (ADDR (.TFM_VECTORS) + 0x154)

.copy.table     0x0000000000000154       0x24
                0x0000000000000154                __copy_table_start__ = .
                0x0000000000000154        0x4 LONG 0x7c20 LOADADDR (.TFM_DATA)
                0x0000000000000158        0x4 LONG 0x20001d80 ADDR (.TFM_DATA)
                0x000000000000015c        0x4 LONG 0x3c (SIZEOF (.TFM_DATA) / 0x4)
                0x0000000000000160        0x4 LONG 0x24e0 LOADADDR (.TFM_PSA_ROT_LINKER_DATA)
                0x0000000000000164        0x4 LONG 0x20000c40 ADDR (.TFM_PSA_ROT_LINKER_DATA)
                0x0000000000000168        0x4 LONG 0x0 (SIZEOF (.TFM_PSA_ROT_LINKER_DATA) / 0x4)
                0x000000000000016c        0x4 LONG 0x24e0 LOADADDR (.TFM_APP_ROT_LINKER_DATA)
                0x0000000000000170        0x4 LONG 0x20000c20 ADDR (.TFM_APP_ROT_LINKER_DATA)
                0x0000000000000174        0x4 LONG 0x0 (SIZEOF (.TFM_APP_ROT_LINKER_DATA) / 0x4)
                0x0000000000000178                __copy_table_end__ = .

.zero.table     0x0000000000000178       0x20
                0x0000000000000178                __zero_table_start__ = .
                0x0000000000000178        0x4 LONG 0x20001e80 ADDR (.TFM_BSS)
                0x000000000000017c        0x4 LONG 0x62f (SIZEOF (.TFM_BSS) / 0x4)
                0x0000000000000180        0x4 LONG 0x20000c40 ADDR (.TFM_PSA_ROT_LINKER_BSS)
                0x0000000000000184        0x4 LONG 0x450 (SIZEOF (.TFM_PSA_ROT_LINKER_BSS) / 0x4)
                0x0000000000000188        0x4 LONG 0x20000c20 ADDR (.TFM_APP_ROT_LINKER_BSS)
                0x000000000000018c        0x4 LONG 0x8 (SIZEOF (.TFM_APP_ROT_LINKER_BSS) / 0x4)
                0x0000000000000190        0x4 LONG 0x20000c00 ADDR (.TFM_SP_META_PTR)
                0x0000000000000194        0x4 LONG 0x8 (SIZEOF (.TFM_SP_META_PTR) / 0x4)
                0x0000000000000198                __zero_table_end__ = .

.TFM_SP_LOAD_LIST
                0x0000000000000198       0xc4
 *(.part_load_priority_lowest)
 .part_load_priority_lowest
                0x0000000000000198       0x30 secure_fw/CMakeFiles/tfm_s.dir/partitions/ns_agent_tz/load_info_ns_agent_tz.o
                0x0000000000000198                tfm_sp_ns_agent_tz_load
 *(.part_load_priority_low)
 *(.part_load_priority_normal)
 .part_load_priority_normal
                0x00000000000001c8       0x4c secure_fw/CMakeFiles/tfm_s.dir/__/generated/secure_fw/partitions/crypto/auto_generated/load_info_tfm_crypto.o
                0x00000000000001c8                tfm_sp_crypto_load
 .part_load_priority_normal
                0x0000000000000214       0x48 secure_fw/CMakeFiles/tfm_s.dir/__/generated/secure_fw/partitions/platform/auto_generated/load_info_tfm_platform.o
                0x0000000000000214                tfm_sp_platform_load
 *(.part_load_priority_high)
                0x0000000000000198                Image$$TFM_SP_LOAD_LIST$$RO$$Base = ADDR (.TFM_SP_LOAD_LIST)
                0x000000000000025c                Image$$TFM_SP_LOAD_LIST$$RO$$Limit = (ADDR (.TFM_SP_LOAD_LIST) + SIZEOF (.TFM_SP_LOAD_LIST))
                0x0000000000000260                . = ALIGN (0x20)
                0x0000000000000260                Image$$TFM_PSA_CODE_START$$Base = .

.TFM_PSA_ROT_LINKER
                0x0000000000000260      0x3e0
 *tfm_psa_rot_partition*:*(.text*)
 .text.tfm_platform_service_sfn
                0x0000000000000260      0x114 secure_fw/partitions/platform/libtfm_psa_rot_partition_platform.a(platform_sp.o)
                0x0000000000000260                tfm_platform_service_sfn
 .text.platform_sp_init
                0x0000000000000374        0x4 secure_fw/partitions/platform/libtfm_psa_rot_partition_platform.a(platform_sp.o)
                0x0000000000000374                platform_sp_init
 .text.tfm_crypto_clear_scratch
                0x0000000000000378       0x20 secure_fw/partitions/crypto/libtfm_psa_rot_partition_crypto.a(crypto_init.o)
 .text.tfm_crypto_init
                0x0000000000000398       0x30 secure_fw/partitions/crypto/libtfm_psa_rot_partition_crypto.a(crypto_init.o)
                0x0000000000000398                tfm_crypto_init
 .text.tfm_crypto_api_dispatcher
                0x00000000000003c8       0xa4 secure_fw/partitions/crypto/libtfm_psa_rot_partition_crypto.a(crypto_init.o)
                0x00000000000003c8                tfm_crypto_api_dispatcher
 .text.tfm_crypto_sfn
                0x000000000000046c      0x170 secure_fw/partitions/crypto/libtfm_psa_rot_partition_crypto.a(crypto_init.o)
                0x000000000000046c                tfm_crypto_sfn
 .text.tfm_crypto_init_alloc
                0x00000000000005dc       0x14 secure_fw/partitions/crypto/libtfm_psa_rot_partition_crypto.a(crypto_alloc.o)
                0x00000000000005dc                tfm_crypto_init_alloc
 .text.tfm_crypto_cipher_interface
                0x00000000000005f0        0x6 secure_fw/partitions/crypto/libtfm_psa_rot_partition_crypto.a(crypto_cipher.o)
                0x00000000000005f0                tfm_crypto_cipher_interface
 .text.tfm_crypto_hash_interface
                0x00000000000005f6        0x6 secure_fw/partitions/crypto/libtfm_psa_rot_partition_crypto.a(crypto_hash.o)
                0x00000000000005f6                tfm_crypto_hash_interface
 .text.tfm_crypto_mac_interface
                0x00000000000005fc        0x6 secure_fw/partitions/crypto/libtfm_psa_rot_partition_crypto.a(crypto_mac.o)
                0x00000000000005fc                tfm_crypto_mac_interface
 .text.tfm_crypto_aead_interface
                0x0000000000000602        0x6 secure_fw/partitions/crypto/libtfm_psa_rot_partition_crypto.a(crypto_aead.o)
                0x0000000000000602                tfm_crypto_aead_interface
 .text.tfm_crypto_asymmetric_sign_interface
                0x0000000000000608        0x6 secure_fw/partitions/crypto/libtfm_psa_rot_partition_crypto.a(crypto_asymmetric.o)
                0x0000000000000608                tfm_crypto_asymmetric_sign_interface
 .text.tfm_crypto_asymmetric_encrypt_interface
                0x000000000000060e        0x6 secure_fw/partitions/crypto/libtfm_psa_rot_partition_crypto.a(crypto_asymmetric.o)
                0x000000000000060e                tfm_crypto_asymmetric_encrypt_interface
 .text.tfm_crypto_key_derivation_interface
                0x0000000000000614        0x6 secure_fw/partitions/crypto/libtfm_psa_rot_partition_crypto.a(crypto_key_derivation.o)
                0x0000000000000614                tfm_crypto_key_derivation_interface
 .text.tfm_crypto_key_management_interface
                0x000000000000061a        0x6 secure_fw/partitions/crypto/libtfm_psa_rot_partition_crypto.a(crypto_key_management.o)
                0x000000000000061a                tfm_crypto_key_management_interface
 .text.tfm_crypto_random_interface
                0x0000000000000620        0x8 secure_fw/partitions/crypto/libtfm_psa_rot_partition_crypto.a(crypto_rng.o)
                0x0000000000000620                tfm_crypto_random_interface
 *tfm_psa_rot_partition*:*(.rodata*)
 *(TFM_*_PSA-ROT_ATTR_FN)
                0x0000000000000640                . = ALIGN (0x20)
 *fill*         0x0000000000000628       0x18 
                0x0000000000000260                Image$$TFM_PSA_ROT_LINKER$$RO$$Base = ADDR (.TFM_PSA_ROT_LINKER)
                0x0000000000000640                Image$$TFM_PSA_ROT_LINKER$$RO$$Limit = (ADDR (.TFM_PSA_ROT_LINKER) + SIZEOF (.TFM_PSA_ROT_LINKER))
                0x0000000000000260                Image$$TFM_PSA_ROT_LINKER$$Base = ADDR (.TFM_PSA_ROT_LINKER)
                0x0000000000000640                Image$$TFM_PSA_ROT_LINKER$$Limit = (ADDR (.TFM_PSA_ROT_LINKER) + SIZEOF (.TFM_PSA_ROT_LINKER))
                0x0000000000000640                Image$$TFM_PSA_CODE_END$$Base = .
                0x0000000000000640                Image$$TFM_APP_CODE_START$$Base = .

.TFM_APP_ROT_LINKER
                0x0000000000000640        0x0
 *tfm_app_rot_partition*:*(.text*)
 *tfm_app_rot_partition*:*(.rodata*)
 *(TFM_*_APP-ROT_ATTR_FN)
                0x0000000000000640                . = ALIGN (0x20)
                0x0000000000000640                Image$$TFM_APP_ROT_LINKER$$RO$$Base = ADDR (.TFM_APP_ROT_LINKER)
                0x0000000000000640                Image$$TFM_APP_ROT_LINKER$$RO$$Limit = (ADDR (.TFM_APP_ROT_LINKER) + SIZEOF (.TFM_APP_ROT_LINKER))
                0x0000000000000640                Image$$TFM_APP_ROT_LINKER$$Base = ADDR (.TFM_APP_ROT_LINKER)
                0x0000000000000640                Image$$TFM_APP_ROT_LINKER$$Limit = (ADDR (.TFM_APP_ROT_LINKER) + SIZEOF (.TFM_APP_ROT_LINKER))
                0x0000000000000640                Image$$TFM_APP_CODE_END$$Base = .

.ER_TFM_CODE    0x0000000000000640     0x1ea0
 *startup*(.text*)
 .text.NMI_Handler
                0x0000000000000640        0x2 secure_fw/CMakeFiles/tfm_s.dir/__/platform/ext/target/nordic_nrf/common/nrf5340/gcc/startup_nrf5340.o
                0x0000000000000640                NMI_Handler
 .text.DebugMon_Handler
                0x0000000000000642        0x2 secure_fw/CMakeFiles/tfm_s.dir/__/platform/ext/target/nordic_nrf/common/nrf5340/gcc/startup_nrf5340.o
                0x0000000000000642                DebugMon_Handler
 .text.SysTick_Handler
                0x0000000000000644        0x2 secure_fw/CMakeFiles/tfm_s.dir/__/platform/ext/target/nordic_nrf/common/nrf5340/gcc/startup_nrf5340.o
                0x0000000000000644                SysTick_Handler
 .text.FPU_IRQHandler
                0x0000000000000646        0x2 secure_fw/CMakeFiles/tfm_s.dir/__/platform/ext/target/nordic_nrf/common/nrf5340/gcc/startup_nrf5340.o
                0x0000000000000646                FPU_IRQHandler
 .text.CACHE_IRQHandler
                0x0000000000000648        0x2 secure_fw/CMakeFiles/tfm_s.dir/__/platform/ext/target/nordic_nrf/common/nrf5340/gcc/startup_nrf5340.o
                0x0000000000000648                CACHE_IRQHandler
 .text.SPU_IRQHandler
                0x000000000000064a        0x2 secure_fw/CMakeFiles/tfm_s.dir/__/platform/ext/target/nordic_nrf/common/nrf5340/gcc/startup_nrf5340.o
                0x000000000000064a                SPU_IRQHandler
 .text.CLOCK_POWER_IRQHandler
                0x000000000000064c        0x2 secure_fw/CMakeFiles/tfm_s.dir/__/platform/ext/target/nordic_nrf/common/nrf5340/gcc/startup_nrf5340.o
                0x000000000000064c                CLOCK_POWER_IRQHandler
 .text.SERIAL0_IRQHandler
                0x000000000000064e        0x2 secure_fw/CMakeFiles/tfm_s.dir/__/platform/ext/target/nordic_nrf/common/nrf5340/gcc/startup_nrf5340.o
                0x000000000000064e                SERIAL0_IRQHandler
 .text.SERIAL1_IRQHandler
                0x0000000000000650        0x2 secure_fw/CMakeFiles/tfm_s.dir/__/platform/ext/target/nordic_nrf/common/nrf5340/gcc/startup_nrf5340.o
                0x0000000000000650                SERIAL1_IRQHandler
 .text.SPIM4_IRQHandler
                0x0000000000000652        0x2 secure_fw/CMakeFiles/tfm_s.dir/__/platform/ext/target/nordic_nrf/common/nrf5340/gcc/startup_nrf5340.o
                0x0000000000000652                SPIM4_IRQHandler
 .text.SERIAL2_IRQHandler
                0x0000000000000654        0x2 secure_fw/CMakeFiles/tfm_s.dir/__/platform/ext/target/nordic_nrf/common/nrf5340/gcc/startup_nrf5340.o
                0x0000000000000654                SERIAL2_IRQHandler
 .text.SERIAL3_IRQHandler
                0x0000000000000656        0x2 secure_fw/CMakeFiles/tfm_s.dir/__/platform/ext/target/nordic_nrf/common/nrf5340/gcc/startup_nrf5340.o
                0x0000000000000656                SERIAL3_IRQHandler
 .text.GPIOTE0_IRQHandler
                0x0000000000000658        0x2 secure_fw/CMakeFiles/tfm_s.dir/__/platform/ext/target/nordic_nrf/common/nrf5340/gcc/startup_nrf5340.o
                0x0000000000000658                GPIOTE0_IRQHandler
 .text.SAADC_IRQHandler
                0x000000000000065a        0x2 secure_fw/CMakeFiles/tfm_s.dir/__/platform/ext/target/nordic_nrf/common/nrf5340/gcc/startup_nrf5340.o
                0x000000000000065a                SAADC_IRQHandler
 .text.TIMER0_IRQHandler
                0x000000000000065c        0x2 secure_fw/CMakeFiles/tfm_s.dir/__/platform/ext/target/nordic_nrf/common/nrf5340/gcc/startup_nrf5340.o
                0x000000000000065c                TIMER0_IRQHandler
 .text.TIMER1_IRQHandler
                0x000000000000065e        0x2 secure_fw/CMakeFiles/tfm_s.dir/__/platform/ext/target/nordic_nrf/common/nrf5340/gcc/startup_nrf5340.o
                0x000000000000065e                TIMER1_IRQHandler
 .text.TIMER2_IRQHandler
                0x0000000000000660        0x2 secure_fw/CMakeFiles/tfm_s.dir/__/platform/ext/target/nordic_nrf/common/nrf5340/gcc/startup_nrf5340.o
                0x0000000000000660                TIMER2_IRQHandler
 .text.RTC0_IRQHandler
                0x0000000000000662        0x2 secure_fw/CMakeFiles/tfm_s.dir/__/platform/ext/target/nordic_nrf/common/nrf5340/gcc/startup_nrf5340.o
                0x0000000000000662                RTC0_IRQHandler
 .text.RTC1_IRQHandler
                0x0000000000000664        0x2 secure_fw/CMakeFiles/tfm_s.dir/__/platform/ext/target/nordic_nrf/common/nrf5340/gcc/startup_nrf5340.o
                0x0000000000000664                RTC1_IRQHandler
 .text.WDT0_IRQHandler
                0x0000000000000666        0x2 secure_fw/CMakeFiles/tfm_s.dir/__/platform/ext/target/nordic_nrf/common/nrf5340/gcc/startup_nrf5340.o
                0x0000000000000666                WDT0_IRQHandler
 .text.WDT1_IRQHandler
                0x0000000000000668        0x2 secure_fw/CMakeFiles/tfm_s.dir/__/platform/ext/target/nordic_nrf/common/nrf5340/gcc/startup_nrf5340.o
                0x0000000000000668                WDT1_IRQHandler
 .text.COMP_LPCOMP_IRQHandler
                0x000000000000066a        0x2 secure_fw/CMakeFiles/tfm_s.dir/__/platform/ext/target/nordic_nrf/common/nrf5340/gcc/startup_nrf5340.o
                0x000000000000066a                COMP_LPCOMP_IRQHandler
 .text.EGU0_IRQHandler
                0x000000000000066c        0x2 secure_fw/CMakeFiles/tfm_s.dir/__/platform/ext/target/nordic_nrf/common/nrf5340/gcc/startup_nrf5340.o
                0x000000000000066c                EGU0_IRQHandler
 .text.EGU1_IRQHandler
                0x000000000000066e        0x2 secure_fw/CMakeFiles/tfm_s.dir/__/platform/ext/target/nordic_nrf/common/nrf5340/gcc/startup_nrf5340.o
                0x000000000000066e                EGU1_IRQHandler
 .text.EGU2_IRQHandler
                0x0000000000000670        0x2 secure_fw/CMakeFiles/tfm_s.dir/__/platform/ext/target/nordic_nrf/common/nrf5340/gcc/startup_nrf5340.o
                0x0000000000000670                EGU2_IRQHandler
 .text.EGU3_IRQHandler
                0x0000000000000672        0x2 secure_fw/CMakeFiles/tfm_s.dir/__/platform/ext/target/nordic_nrf/common/nrf5340/gcc/startup_nrf5340.o
                0x0000000000000672                EGU3_IRQHandler
 .text.EGU4_IRQHandler
                0x0000000000000674        0x2 secure_fw/CMakeFiles/tfm_s.dir/__/platform/ext/target/nordic_nrf/common/nrf5340/gcc/startup_nrf5340.o
                0x0000000000000674                EGU4_IRQHandler
 .text.EGU5_IRQHandler
                0x0000000000000676        0x2 secure_fw/CMakeFiles/tfm_s.dir/__/platform/ext/target/nordic_nrf/common/nrf5340/gcc/startup_nrf5340.o
                0x0000000000000676                EGU5_IRQHandler
 .text.PWM0_IRQHandler
                0x0000000000000678        0x2 secure_fw/CMakeFiles/tfm_s.dir/__/platform/ext/target/nordic_nrf/common/nrf5340/gcc/startup_nrf5340.o
                0x0000000000000678                PWM0_IRQHandler
 .text.PWM1_IRQHandler
                0x000000000000067a        0x2 secure_fw/CMakeFiles/tfm_s.dir/__/platform/ext/target/nordic_nrf/common/nrf5340/gcc/startup_nrf5340.o
                0x000000000000067a                PWM1_IRQHandler
 .text.PWM2_IRQHandler
                0x000000000000067c        0x2 secure_fw/CMakeFiles/tfm_s.dir/__/platform/ext/target/nordic_nrf/common/nrf5340/gcc/startup_nrf5340.o
                0x000000000000067c                PWM2_IRQHandler
 .text.PWM3_IRQHandler
                0x000000000000067e        0x2 secure_fw/CMakeFiles/tfm_s.dir/__/platform/ext/target/nordic_nrf/common/nrf5340/gcc/startup_nrf5340.o
                0x000000000000067e                PWM3_IRQHandler
 .text.PDM0_IRQHandler
                0x0000000000000680        0x2 secure_fw/CMakeFiles/tfm_s.dir/__/platform/ext/target/nordic_nrf/common/nrf5340/gcc/startup_nrf5340.o
                0x0000000000000680                PDM0_IRQHandler
 .text.I2S0_IRQHandler
                0x0000000000000682        0x2 secure_fw/CMakeFiles/tfm_s.dir/__/platform/ext/target/nordic_nrf/common/nrf5340/gcc/startup_nrf5340.o
                0x0000000000000682                I2S0_IRQHandler
 .text.IPC_IRQHandler
                0x0000000000000684        0x2 secure_fw/CMakeFiles/tfm_s.dir/__/platform/ext/target/nordic_nrf/common/nrf5340/gcc/startup_nrf5340.o
                0x0000000000000684                IPC_IRQHandler
 .text.QSPI_IRQHandler
                0x0000000000000686        0x2 secure_fw/CMakeFiles/tfm_s.dir/__/platform/ext/target/nordic_nrf/common/nrf5340/gcc/startup_nrf5340.o
                0x0000000000000686                QSPI_IRQHandler
 .text.NFCT_IRQHandler
                0x0000000000000688        0x2 secure_fw/CMakeFiles/tfm_s.dir/__/platform/ext/target/nordic_nrf/common/nrf5340/gcc/startup_nrf5340.o
                0x0000000000000688                NFCT_IRQHandler
 .text.GPIOTE1_IRQHandler
                0x000000000000068a        0x2 secure_fw/CMakeFiles/tfm_s.dir/__/platform/ext/target/nordic_nrf/common/nrf5340/gcc/startup_nrf5340.o
                0x000000000000068a                GPIOTE1_IRQHandler
 .text.QDEC0_IRQHandler
                0x000000000000068c        0x2 secure_fw/CMakeFiles/tfm_s.dir/__/platform/ext/target/nordic_nrf/common/nrf5340/gcc/startup_nrf5340.o
                0x000000000000068c                QDEC0_IRQHandler
 .text.QDEC1_IRQHandler
                0x000000000000068e        0x2 secure_fw/CMakeFiles/tfm_s.dir/__/platform/ext/target/nordic_nrf/common/nrf5340/gcc/startup_nrf5340.o
                0x000000000000068e                QDEC1_IRQHandler
 .text.USBD_IRQHandler
                0x0000000000000690        0x2 secure_fw/CMakeFiles/tfm_s.dir/__/platform/ext/target/nordic_nrf/common/nrf5340/gcc/startup_nrf5340.o
                0x0000000000000690                USBD_IRQHandler
 .text.USBREGULATOR_IRQHandler
                0x0000000000000692        0x2 secure_fw/CMakeFiles/tfm_s.dir/__/platform/ext/target/nordic_nrf/common/nrf5340/gcc/startup_nrf5340.o
                0x0000000000000692                USBREGULATOR_IRQHandler
 .text.KMU_IRQHandler
                0x0000000000000694        0x2 secure_fw/CMakeFiles/tfm_s.dir/__/platform/ext/target/nordic_nrf/common/nrf5340/gcc/startup_nrf5340.o
                0x0000000000000694                KMU_IRQHandler
 .text.CRYPTOCELL_IRQHandler
                0x0000000000000696        0x2 secure_fw/CMakeFiles/tfm_s.dir/__/platform/ext/target/nordic_nrf/common/nrf5340/gcc/startup_nrf5340.o
                0x0000000000000696                CRYPTOCELL_IRQHandler
 .text.Reset_Handler
                0x0000000000000698       0xa4 secure_fw/CMakeFiles/tfm_s.dir/__/platform/ext/target/nordic_nrf/common/nrf5340/gcc/startup_nrf5340.o
                0x0000000000000698                Reset_Handler
 *libplatform_s*:*(.text*)
 .text.nrf53_errata_42
                0x000000000000073c       0x24 platform/libplatform_s.a(system_nrf5340_application.o)
 .text.SystemInit
                0x0000000000000760      0x1d0 platform/libplatform_s.a(system_nrf5340_application.o)
                0x0000000000000760                SystemInit
 .text.mpu_armv8m_enable
                0x0000000000000930       0x34 platform/libplatform_s.a(mpu_armv8m_drv.o)
                0x0000000000000930                mpu_armv8m_enable
 .text.mpu_armv8m_region_enable
                0x0000000000000964       0x6a platform/libplatform_s.a(mpu_armv8m_drv.o)
                0x0000000000000964                mpu_armv8m_region_enable
 .text.mpu_armv8m_region_disable
                0x00000000000009ce       0x14 platform/libplatform_s.a(mpu_armv8m_drv.o)
                0x00000000000009ce                mpu_armv8m_region_disable
 .text.mpu_armv8m_clean
                0x00000000000009e2       0x22 platform/libplatform_s.a(mpu_armv8m_drv.o)
                0x00000000000009e2                mpu_armv8m_clean
 .text.spu_enable_interrupts
                0x0000000000000a04       0x10 platform/libplatform_s.a(spu.o)
                0x0000000000000a04                spu_enable_interrupts
 .text.spu_regions_reset_unlocked_secure
                0x0000000000000a14       0x30 platform/libplatform_s.a(spu.o)
                0x0000000000000a14                spu_regions_reset_unlocked_secure
 .text.spu_regions_flash_config_non_secure
                0x0000000000000a44       0x24 platform/libplatform_s.a(spu.o)
                0x0000000000000a44                spu_regions_flash_config_non_secure
 .text.spu_regions_sram_config_non_secure
                0x0000000000000a68       0x2c platform/libplatform_s.a(spu.o)
                0x0000000000000a68                spu_regions_sram_config_non_secure
 .text.spu_regions_flash_config_non_secure_callable
                0x0000000000000a94       0x30 platform/libplatform_s.a(spu.o)
                0x0000000000000a94                spu_regions_flash_config_non_secure_callable
 .text.spu_regions_flash_get_base_address_in_region
                0x0000000000000ac4        0x4 platform/libplatform_s.a(spu.o)
                0x0000000000000ac4                spu_regions_flash_get_base_address_in_region
 .text.spu_regions_flash_get_last_address_in_region
                0x0000000000000ac8        0xa platform/libplatform_s.a(spu.o)
                0x0000000000000ac8                spu_regions_flash_get_last_address_in_region
 .text.spu_regions_flash_get_start_id
                0x0000000000000ad2        0x4 platform/libplatform_s.a(spu.o)
                0x0000000000000ad2                spu_regions_flash_get_start_id
 .text.spu_regions_flash_get_last_id
                0x0000000000000ad6        0x4 platform/libplatform_s.a(spu.o)
                0x0000000000000ad6                spu_regions_flash_get_last_id
 .text.spu_regions_flash_get_region_size
                0x0000000000000ada        0x6 platform/libplatform_s.a(spu.o)
                0x0000000000000ada                spu_regions_flash_get_region_size
 .text.spu_regions_sram_get_base_address_in_region
                0x0000000000000ae0        0xa platform/libplatform_s.a(spu.o)
                0x0000000000000ae0                spu_regions_sram_get_base_address_in_region
 *fill*         0x0000000000000aea        0x2 
 .text.spu_regions_sram_get_last_address_in_region
                0x0000000000000aec        0xc platform/libplatform_s.a(spu.o)
                0x0000000000000aec                spu_regions_sram_get_last_address_in_region
 .text.spu_regions_sram_get_start_id
                0x0000000000000af8        0x4 platform/libplatform_s.a(spu.o)
                0x0000000000000af8                spu_regions_sram_get_start_id
 .text.spu_regions_sram_get_last_id
                0x0000000000000afc        0x4 platform/libplatform_s.a(spu.o)
                0x0000000000000afc                spu_regions_sram_get_last_id
 .text.spu_regions_sram_get_region_size
                0x0000000000000b00        0x6 platform/libplatform_s.a(spu.o)
                0x0000000000000b00                spu_regions_sram_get_region_size
 *fill*         0x0000000000000b06        0x2 
 .text.spu_peripheral_config_non_secure
                0x0000000000000b08       0x18 platform/libplatform_s.a(spu.o)
                0x0000000000000b08                spu_peripheral_config_non_secure
 .text.tfm_hal_platform_init
                0x0000000000000b20       0x30 platform/libplatform_s.a(tfm_hal_platform.o)
                0x0000000000000b20                tfm_hal_platform_init
 .text.tfm_plat_otp_init
                0x0000000000000b50        0x4 platform/libplatform_s.a(dummy_otp.o)
                0x0000000000000b50                tfm_plat_otp_init
 .text.tfm_plat_provisioning_is_required
                0x0000000000000b54        0x4 platform/libplatform_s.a(dummy_provisioning.o)
                0x0000000000000b54                tfm_plat_provisioning_is_required
 .text.tfm_plat_provisioning_perform
                0x0000000000000b58        0x4 platform/libplatform_s.a(dummy_provisioning.o)
                0x0000000000000b58                tfm_plat_provisioning_perform
 .text.tfm_plat_provisioning_check_for_dummy_keys
                0x0000000000000b5c        0x2 platform/libplatform_s.a(dummy_provisioning.o)
                0x0000000000000b5c                tfm_plat_provisioning_check_for_dummy_keys
 *fill*         0x0000000000000b5e        0x2 
 .text.tfm_platform_hal_system_reset
                0x0000000000000b60       0x24 platform/libplatform_s.a(tfm_platform_system.o)
                0x0000000000000b60                tfm_platform_hal_system_reset
 .text.tfm_platform_hal_ioctl
                0x0000000000000b84       0x18 platform/libplatform_s.a(tfm_platform_system.o)
                0x0000000000000b84                tfm_platform_hal_ioctl
 .text.tfm_hal_system_reset
                0x0000000000000b9c       0x24 platform/libplatform_s.a(tfm_hal_reset_halt.o)
                0x0000000000000b9c                tfm_hal_system_reset
 .text.tfm_platform_hal_read_service
                0x0000000000000bc0       0x60 platform/libplatform_s.a(tfm_platform_hal_ioctl.o)
                0x0000000000000bc0                tfm_platform_hal_read_service
 .text.tfm_platform_hal_gpio_service
                0x0000000000000c20       0x7c platform/libplatform_s.a(tfm_platform_hal_ioctl.o)
                0x0000000000000c20                tfm_platform_hal_gpio_service
 *libtfm_spm*:*(.text*)
 .text.tfm_core_panic
                0x0000000000000c9c        0x4 secure_fw/spm/libtfm_spm.a(utilities.o)
                0x0000000000000c9c                tfm_core_panic
 .text.startup.main
                0x0000000000000ca0       0x50 secure_fw/spm/libtfm_spm.a(main.o)
                0x0000000000000ca0                main
 .text.cross_call_entering_c
                0x0000000000000cf0       0x2c secure_fw/spm/libtfm_spm.a(spm_cross_call.o)
                0x0000000000000cf0                cross_call_entering_c
 .text.cross_call_exiting_c
                0x0000000000000d1c       0x30 secure_fw/spm/libtfm_spm.a(spm_cross_call.o)
                0x0000000000000d1c                cross_call_exiting_c
 .text.spm_interface_cross_dispatcher
                0x0000000000000d4c       0x3c secure_fw/spm/libtfm_spm.a(spm_cross_call.o)
                0x0000000000000d4c                spm_interface_cross_dispatcher
 .text.spm_handle_programmer_errors
                0x0000000000000d88       0x18 secure_fw/spm/libtfm_spm.a(psa_api.o)
                0x0000000000000d88                spm_handle_programmer_errors
 .text.tfm_spm_get_lifecycle_state
                0x0000000000000da0        0x4 secure_fw/spm/libtfm_spm.a(psa_api.o)
                0x0000000000000da0                tfm_spm_get_lifecycle_state
 .text.tfm_spm_client_psa_framework_version
                0x0000000000000da4        0x6 secure_fw/spm/libtfm_spm.a(psa_api.o)
                0x0000000000000da4                tfm_spm_client_psa_framework_version
 .text.tfm_spm_client_psa_version
                0x0000000000000daa       0x2c secure_fw/spm/libtfm_spm.a(psa_api.o)
                0x0000000000000daa                tfm_spm_client_psa_version
 *fill*         0x0000000000000dd6        0x2 
 .text.tfm_spm_client_psa_call
                0x0000000000000dd8      0x1bc secure_fw/spm/libtfm_spm.a(psa_api.o)
                0x0000000000000dd8                tfm_spm_client_psa_call
 .text.tfm_spm_partition_psa_wait
                0x0000000000000f94       0x38 secure_fw/spm/libtfm_spm.a(psa_api.o)
                0x0000000000000f94                tfm_spm_partition_psa_wait
 .text.tfm_spm_partition_psa_get
                0x0000000000000fcc       0x64 secure_fw/spm/libtfm_spm.a(psa_api.o)
                0x0000000000000fcc                tfm_spm_partition_psa_get
 .text.tfm_spm_partition_psa_read
                0x0000000000001030       0x7c secure_fw/spm/libtfm_spm.a(psa_api.o)
                0x0000000000001030                tfm_spm_partition_psa_read
 .text.tfm_spm_partition_psa_skip
                0x00000000000010ac       0x46 secure_fw/spm/libtfm_spm.a(psa_api.o)
                0x00000000000010ac                tfm_spm_partition_psa_skip
 *fill*         0x00000000000010f2        0x2 
 .text.tfm_spm_partition_psa_write
                0x00000000000010f4       0x78 secure_fw/spm/libtfm_spm.a(psa_api.o)
                0x00000000000010f4                tfm_spm_partition_psa_write
 .text.tfm_spm_partition_psa_reply
                0x000000000000116c       0x9a secure_fw/spm/libtfm_spm.a(psa_api.o)
                0x000000000000116c                tfm_spm_partition_psa_reply
 .text.tfm_spm_partition_psa_panic
                0x0000000000001206        0x4 secure_fw/spm/libtfm_spm.a(psa_api.o)
                0x0000000000001206                tfm_spm_partition_psa_panic
 *fill*         0x000000000000120a        0x2 
 .text.backend_messaging
                0x000000000000120c       0x64 secure_fw/spm/libtfm_spm.a(backend_ipc.o)
                0x000000000000120c                backend_messaging
 .text.backend_replying
                0x0000000000001270        0xc secure_fw/spm/libtfm_spm.a(backend_ipc.o)
                0x0000000000001270                backend_replying
 .text.backend_init_comp_assuredly
                0x000000000000127c       0xb8 secure_fw/spm/libtfm_spm.a(backend_ipc.o)
                0x000000000000127c                backend_init_comp_assuredly
 .text.backend_system_run
                0x0000000000001334       0x3c secure_fw/spm/libtfm_spm.a(backend_ipc.o)
                0x0000000000001334                backend_system_run
 .text.backend_wait
                0x0000000000001370       0x28 secure_fw/spm/libtfm_spm.a(backend_ipc.o)
                0x0000000000001370                backend_wait
 .text.ipc_schedule
                0x0000000000001398       0x80 secure_fw/spm/libtfm_spm.a(backend_ipc.o)
                0x0000000000001398                ipc_schedule
 .text.tfm_core_svc_handler
                0x0000000000001418      0x164 secure_fw/spm/libtfm_spm.a(tfm_core_svcalls_ipc.o)
                0x0000000000001418                tfm_core_svc_handler
 .text.tfm_core_handler_mode
                0x000000000000157c        0x4 secure_fw/spm/libtfm_spm.a(tfm_core_svcalls_ipc.o)
                0x000000000000157c                tfm_core_handler_mode
 .text.thrd_next
                0x0000000000001580       0x18 secure_fw/spm/libtfm_spm.a(thread.o)
                0x0000000000001580                thrd_next
 .text.thrd_set_state
                0x0000000000001598       0x28 secure_fw/spm/libtfm_spm.a(thread.o)
                0x0000000000001598                thrd_set_state
 .text.thrd_start
                0x00000000000015c0       0x44 secure_fw/spm/libtfm_spm.a(thread.o)
                0x00000000000015c0                thrd_start
 .text.thrd_start_scheduler
                0x0000000000001604       0x1c secure_fw/spm/libtfm_spm.a(thread.o)
                0x0000000000001604                thrd_start_scheduler
 .text.thrd_set_wait
                0x0000000000001620       0x18 secure_fw/spm/libtfm_spm.a(thread.o)
                0x0000000000001620                thrd_set_wait
 .text.thrd_wake_up
                0x0000000000001638       0x26 secure_fw/spm/libtfm_spm.a(thread.o)
                0x0000000000001638                thrd_wake_up
 *fill*         0x000000000000165e        0x2 
 .text.arch_non_preempt_call
                0x0000000000001660       0x54 secure_fw/spm/libtfm_spm.a(tfm_arch_v8m_main.o)
                0x0000000000001660                arch_non_preempt_call
 .text.PendSV_Handler
                0x00000000000016b4       0x3a secure_fw/spm/libtfm_spm.a(tfm_arch_v8m_main.o)
                0x00000000000016b4                PendSV_Handler
 *fill*         0x00000000000016ee        0x2 
 .text.SVC_Handler
                0x00000000000016f0       0x54 secure_fw/spm/libtfm_spm.a(tfm_arch_v8m_main.o)
                0x00000000000016f0                SVC_Handler
 .text.tfm_arch_set_secure_exception_priorities
                0x0000000000001744       0x28 secure_fw/spm/libtfm_spm.a(tfm_arch_v8m_main.o)
                0x0000000000001744                tfm_arch_set_secure_exception_priorities
 .text.tfm_arch_config_extensions
                0x000000000000176c        0x2 secure_fw/spm/libtfm_spm.a(tfm_arch_v8m_main.o)
                0x000000000000176c                tfm_arch_config_extensions
 *fill*         0x000000000000176e        0x2 
 .text.ns_agent_tz_main
                0x0000000000001770       0x34 secure_fw/spm/libtfm_spm.a(ns_agent_tz_v80m.o)
                0x0000000000001770                ns_agent_tz_main
 .text.tfm_hal_bind_boundary
                0x00000000000017a4       0x46 secure_fw/spm/libtfm_spm.a(tfm_hal_isolation.o)
                0x00000000000017a4                tfm_hal_bind_boundary
 .text.tfm_hal_activate_boundary
                0x00000000000017ea       0x1c secure_fw/spm/libtfm_spm.a(tfm_hal_isolation.o)
                0x00000000000017ea                tfm_hal_activate_boundary
 .text.tfm_hal_memory_check
                0x0000000000001806      0x126 secure_fw/spm/libtfm_spm.a(tfm_hal_isolation.o)
                0x0000000000001806                tfm_hal_memory_check
 .text.mpu_init_cfg
                0x000000000000192c      0x11c secure_fw/spm/libtfm_spm.a(tfm_hal_isolation.o)
                0x000000000000192c                mpu_init_cfg
 .text.tfm_hal_set_up_static_boundaries
                0x0000000000001a48       0x2a secure_fw/spm/libtfm_spm.a(tfm_hal_isolation.o)
                0x0000000000001a48                tfm_hal_set_up_static_boundaries
 .text.tfm_hal_boundary_need_switch
                0x0000000000001a72       0x1a secure_fw/spm/libtfm_spm.a(tfm_hal_isolation.o)
                0x0000000000001a72                tfm_hal_boundary_need_switch
 .text.nrf_gpio_pin_control_select.constprop.0
                0x0000000000001a8c       0x1c secure_fw/spm/libtfm_spm.a(target_cfg.o)
 .text.enable_fault_handlers
                0x0000000000001aa8       0x14 secure_fw/spm/libtfm_spm.a(target_cfg.o)
                0x0000000000001aa8                enable_fault_handlers
 .text.system_reset_cfg
                0x0000000000001abc       0x18 secure_fw/spm/libtfm_spm.a(target_cfg.o)
                0x0000000000001abc                system_reset_cfg
 .text.init_debug
                0x0000000000001ad4       0x28 secure_fw/spm/libtfm_spm.a(target_cfg.o)
                0x0000000000001ad4                init_debug
 .text.nvic_interrupt_target_state_cfg
                0x0000000000001afc       0x30 secure_fw/spm/libtfm_spm.a(target_cfg.o)
                0x0000000000001afc                nvic_interrupt_target_state_cfg
 .text.nvic_interrupt_enable
                0x0000000000001b2c       0x18 secure_fw/spm/libtfm_spm.a(target_cfg.o)
                0x0000000000001b2c                nvic_interrupt_enable
 .text.sau_and_idau_cfg
                0x0000000000001b44       0x20 secure_fw/spm/libtfm_spm.a(target_cfg.o)
                0x0000000000001b44                sau_and_idau_cfg
 .text.spu_init_cfg
                0x0000000000001b64       0x34 secure_fw/spm/libtfm_spm.a(target_cfg.o)
                0x0000000000001b64                spu_init_cfg
 .text.spu_periph_init_cfg
                0x0000000000001b98      0x23c secure_fw/spm/libtfm_spm.a(target_cfg.o)
                0x0000000000001b98                spu_periph_init_cfg
 .text.tfm_core_validate_boot_data
                0x0000000000001dd4        0xc secure_fw/spm/libtfm_spm.a(tfm_boot_data.o)
                0x0000000000001dd4                tfm_core_validate_boot_data
 .text.tfm_core_get_boot_data_handler
                0x0000000000001de0       0x34 secure_fw/spm/libtfm_spm.a(tfm_boot_data.o)
                0x0000000000001de0                tfm_core_get_boot_data_handler
 .text.tfm_arch_free_msp_and_exc_ret
                0x0000000000001e14        0x8 secure_fw/spm/libtfm_spm.a(tfm_arch.o)
                0x0000000000001e14                tfm_arch_free_msp_and_exc_ret
 .text.tfm_arch_set_context_ret_code
                0x0000000000001e1c       0x14 secure_fw/spm/libtfm_spm.a(tfm_arch.o)
                0x0000000000001e1c                tfm_arch_set_context_ret_code
 .text.tfm_arch_trigger_pendsv
                0x0000000000001e30       0x18 secure_fw/spm/libtfm_spm.a(tfm_arch.o)
                0x0000000000001e30                tfm_arch_trigger_pendsv
 .text.tfm_arch_init_context
                0x0000000000001e48       0x54 secure_fw/spm/libtfm_spm.a(tfm_arch.o)
                0x0000000000001e48                tfm_arch_init_context
 .text.tfm_arch_refresh_hardware_context
                0x0000000000001e9c       0x12 secure_fw/spm/libtfm_spm.a(tfm_arch.o)
                0x0000000000001e9c                tfm_arch_refresh_hardware_context
 *fill*         0x0000000000001eae        0x2 
 .text.tfm_spm_to_user_handle
                0x0000000000001eb0       0x20 secure_fw/spm/libtfm_spm.a(spm_ipc.o)
                0x0000000000001eb0                tfm_spm_to_user_handle
 .text.tfm_spm_to_handle_instance
                0x0000000000001ed0       0x10 secure_fw/spm/libtfm_spm.a(spm_ipc.o)
                0x0000000000001ed0                tfm_spm_to_handle_instance
 .text.tfm_spm_create_conn_handle
                0x0000000000001ee0       0x20 secure_fw/spm/libtfm_spm.a(spm_ipc.o)
                0x0000000000001ee0                tfm_spm_create_conn_handle
 .text.tfm_spm_validate_conn_handle
                0x0000000000001f00       0x1c secure_fw/spm/libtfm_spm.a(spm_ipc.o)
                0x0000000000001f00                tfm_spm_validate_conn_handle
 .text.tfm_spm_free_conn_handle
                0x0000000000001f1c       0x1c secure_fw/spm/libtfm_spm.a(spm_ipc.o)
                0x0000000000001f1c                tfm_spm_free_conn_handle
 .text.spm_get_handle_by_signal
                0x0000000000001f38       0x4a secure_fw/spm/libtfm_spm.a(spm_ipc.o)
                0x0000000000001f38                spm_get_handle_by_signal
 *fill*         0x0000000000001f82        0x2 
 .text.tfm_spm_get_service_by_sid
                0x0000000000001f84       0x2c secure_fw/spm/libtfm_spm.a(spm_ipc.o)
                0x0000000000001f84                tfm_spm_get_service_by_sid
 .text.tfm_spm_check_client_version
                0x0000000000001fb0       0x24 secure_fw/spm/libtfm_spm.a(spm_ipc.o)
                0x0000000000001fb0                tfm_spm_check_client_version
 .text.tfm_spm_check_authorization
                0x0000000000001fd4       0x48 secure_fw/spm/libtfm_spm.a(spm_ipc.o)
                0x0000000000001fd4                tfm_spm_check_authorization
 .text.spm_fill_message
                0x000000000000201c       0x98 secure_fw/spm/libtfm_spm.a(spm_ipc.o)
                0x000000000000201c                spm_fill_message
 .text.tfm_spm_partition_get_running_partition_id
                0x00000000000020b4       0x20 secure_fw/spm/libtfm_spm.a(spm_ipc.o)
                0x00000000000020b4                tfm_spm_partition_get_running_partition_id
 .text.spm_get_handle_by_msg_handle
                0x00000000000020d4       0x28 secure_fw/spm/libtfm_spm.a(spm_ipc.o)
                0x00000000000020d4                spm_get_handle_by_msg_handle
 .text.tfm_spm_is_ns_caller
                0x00000000000020fc       0x20 secure_fw/spm/libtfm_spm.a(spm_ipc.o)
                0x00000000000020fc                tfm_spm_is_ns_caller
 .text.tfm_spm_get_client_id
                0x000000000000211c       0x20 secure_fw/spm/libtfm_spm.a(spm_ipc.o)
                0x000000000000211c                tfm_spm_get_client_id
 .text.tfm_spm_init
                0x000000000000213c       0x74 secure_fw/spm/libtfm_spm.a(spm_ipc.o)
                0x000000000000213c                tfm_spm_init
 .text.update_caller_outvec_len
                0x00000000000021b0       0x24 secure_fw/spm/libtfm_spm.a(spm_ipc.o)
                0x00000000000021b0                update_caller_outvec_len
 .text.load_a_partition_assuredly
                0x00000000000021d4       0xd0 secure_fw/spm/libtfm_spm.a(static_loader.o)
                0x00000000000021d4                load_a_partition_assuredly
 .text.load_services_assuredly
                0x00000000000022a4       0xc4 secure_fw/spm/libtfm_spm.a(static_loader.o)
                0x00000000000022a4                load_services_assuredly
 .text.load_irqs_assuredly
                0x0000000000002368        0x2 secure_fw/spm/libtfm_spm.a(static_loader.o)
                0x0000000000002368                load_irqs_assuredly
 .text.tfm_pool_init
                0x000000000000236a       0x58 secure_fw/spm/libtfm_spm.a(tfm_pools.o)
                0x000000000000236a                tfm_pool_init
 .text.tfm_pool_alloc
                0x00000000000023c2       0x16 secure_fw/spm/libtfm_spm.a(tfm_pools.o)
                0x00000000000023c2                tfm_pool_alloc
 .text.tfm_pool_free
                0x00000000000023d8        0xc secure_fw/spm/libtfm_spm.a(tfm_pools.o)
                0x00000000000023d8                tfm_pool_free
 .text.is_valid_chunk_data_in_pool
                0x00000000000023e4       0x2e secure_fw/spm/libtfm_spm.a(tfm_pools.o)
                0x00000000000023e4                is_valid_chunk_data_in_pool
 .text.tfm_nspm_get_current_client_id
                0x0000000000002412        0x6 secure_fw/spm/libtfm_spm.a(tfm_spm_ns_ctx.o)
                0x0000000000002412                tfm_nspm_get_current_client_id
 .text.tfm_nspm_ctx_init
                0x0000000000002418        0x2 secure_fw/spm/libtfm_spm.a(tfm_spm_ns_ctx.o)
                0x0000000000002418                tfm_nspm_ctx_init
 *fill*         0x000000000000241a        0x2 
 .text.ns_agent_tz_init_c
                0x000000000000241c       0x20 secure_fw/spm/libtfm_spm.a(ns_agent_tz_init.o)
                0x000000000000241c                ns_agent_tz_init_c
 .text.tfm_hal_platform_common_init
                0x000000000000243c       0x32 secure_fw/spm/libtfm_spm.a(tfm_hal_platform_common.o)
                0x000000000000243c                tfm_hal_platform_common_init
 *fill*         0x000000000000246e        0x2 
 .text.tfm_hal_get_ns_VTOR
                0x0000000000002470        0xc secure_fw/spm/libtfm_spm.a(tfm_hal_platform_common.o)
                0x0000000000002470                tfm_hal_get_ns_VTOR
 .text.tfm_hal_get_ns_MSP
                0x000000000000247c        0xc secure_fw/spm/libtfm_spm.a(tfm_hal_platform_common.o)
                0x000000000000247c                tfm_hal_get_ns_MSP
 .text.tfm_hal_get_ns_entry_point
                0x0000000000002488        0xc secure_fw/spm/libtfm_spm.a(tfm_hal_platform_common.o)
                0x0000000000002488                tfm_hal_get_ns_entry_point
 *libplatform_s*:*(.rodata*)
 .rodata.CSWTCH.17
                0x0000000000002494        0x4 platform/libplatform_s.a(system_nrf5340_application.o)
 .rodata.CSWTCH.5
                0x0000000000002498        0x4 platform/libplatform_s.a(system_nrf5340_application.o)
 .rodata.CSWTCH.3
                0x000000000000249c        0x4 platform/libplatform_s.a(system_nrf5340_application.o)
 .rodata.ranges
                0x00000000000024a0       0x20 platform/libplatform_s.a(tfm_platform_hal_ioctl.o)
 *libtfm_spm*:*(.rodata*)
 .rodata.memory_regions
                0x00000000000024c0       0x14 secure_fw/spm/libtfm_spm.a(target_cfg.o)
                0x00000000000024c0                memory_regions
 .rodata.serv_pool_ea
                0x00000000000024d4        0x4 secure_fw/spm/libtfm_spm.a(static_loader.o)
 .rodata.part_pool_ea
                0x00000000000024d8        0x4 secure_fw/spm/libtfm_spm.a(static_loader.o)
 .rodata.ldinf_ea
                0x00000000000024dc        0x4 secure_fw/spm/libtfm_spm.a(static_loader.o)

.tfm_secure_data_start
                0x0000000020000000        0x0
                0x0000000020000000                . = ABSOLUTE (0x20000000)

.tfm_bl2_shared_data
                0x0000000020000000      0x400
                0x0000000020000400                . = (. + 0x400)
 *fill*         0x0000000020000000      0x400 

.msp_stack      0x0000000020000400      0x7f8
                0x0000000020000bf8                . = (. + (__msp_stack_size__ - 0x8))
 *fill*         0x0000000020000400      0x7f8 
                0x0000000020000400                Image$$ARM_LIB_STACK$$ZI$$Base = ADDR (.msp_stack)
                0x0000000020000bf8                Image$$ARM_LIB_STACK$$ZI$$Limit = (ADDR (.msp_stack) + SIZEOF (.msp_stack))

.msp_stack_seal_res
                0x0000000020000bf8        0x8
                0x0000000020000c00                . = (. + 0x8)
 *fill*         0x0000000020000bf8        0x8 
                0x0000000020000bf8                __StackSeal = ADDR (.msp_stack_seal_res)

.TFM_SP_META_PTR
                0x0000000020000c00       0x20
 *(.bss.SP_META_PTR_SPRTL_INST)
 .bss.SP_META_PTR_SPRTL_INST
                0x0000000020000c00        0x4 secure_fw/partitions/lib/runtime/libtfm_sprt.a(sprt_partition_metadata_indicator.o)
                0x0000000020000c00                p_partition_metadata
                0x0000000020000c20                . = ALIGN (0x20)
 *fill*         0x0000000020000c04       0x1c 
                0x0000000020000c00                Image$$TFM_SP_META_PTR$$ZI$$Base = ADDR (.TFM_SP_META_PTR)
                0x0000000020000c20                Image$$TFM_SP_META_PTR$$ZI$$Limit = (ADDR (.TFM_SP_META_PTR) + SIZEOF (.TFM_SP_META_PTR))
                0x0000000020000c20                . = ALIGN (0x20)
                0x0000000020000c20                Image$$TFM_APP_RW_STACK_START$$Base = .

.TFM_APP_ROT_LINKER_DATA
                0x0000000020000c20        0x0 load address 0x00000000000024e0
 *tfm_app_rot_partition*:*(.data*)
 *(TFM_*_APP-ROT_ATTR_RW)
                0x0000000020000c20                . = ALIGN (0x4)
                0x0000000020000c20                Image$$TFM_APP_ROT_LINKER_DATA$$RW$$Base = ADDR (.TFM_APP_ROT_LINKER_DATA)
                0x0000000020000c20                Image$$TFM_APP_ROT_LINKER_DATA$$RW$$Limit = (ADDR (.TFM_APP_ROT_LINKER_DATA) + SIZEOF (.TFM_APP_ROT_LINKER_DATA))

.TFM_APP_ROT_LINKER_BSS
                0x0000000020000c20       0x20
                0x0000000020000c20                start_of_TFM_APP_ROT_LINKER = .
 *tfm_app_rot_partition*:*(.bss*)
 *tfm_app_rot_partition*:*(COMMON)
 *(TFM_*_APP-ROT_ATTR_ZI)
                0x0000000020000c24                . = (. + (. - start_of_TFM_APP_ROT_LINKER)?0x0:0x4)
 *fill*         0x0000000020000c20        0x4 
                0x0000000020000c40                . = ALIGN (0x20)
 *fill*         0x0000000020000c24       0x1c 
                0x0000000020000c20                Image$$TFM_APP_ROT_LINKER_DATA$$ZI$$Base = ADDR (.TFM_APP_ROT_LINKER_BSS)
                0x0000000020000c40                Image$$TFM_APP_ROT_LINKER_DATA$$ZI$$Limit = (ADDR (.TFM_APP_ROT_LINKER_BSS) + SIZEOF (.TFM_APP_ROT_LINKER_BSS))
                0x0000000020000c40                Image$$TFM_APP_RW_STACK_END$$Base = .
                0x0000000020000c40                Image$$TFM_PSA_RW_STACK_START$$Base = .

.TFM_PSA_ROT_LINKER_DATA
                0x0000000020000c40        0x0 load address 0x00000000000024e0
 *tfm_psa_rot_partition*:*(.data*)
 *(TFM_*_PSA-ROT_ATTR_RW)
                0x0000000020000c40                . = ALIGN (0x4)
                0x0000000020000c40                Image$$TFM_PSA_ROT_LINKER_DATA$$RW$$Base = ADDR (.TFM_PSA_ROT_LINKER_DATA)
                0x0000000020000c40                Image$$TFM_PSA_ROT_LINKER_DATA$$RW$$Limit = (ADDR (.TFM_PSA_ROT_LINKER_DATA) + SIZEOF (.TFM_PSA_ROT_LINKER_DATA))

.TFM_PSA_ROT_LINKER_BSS
                0x0000000020000c40     0x1140
                0x0000000020000c40                start_of_TFM_PSA_ROT_LINKER = .
 *tfm_psa_rot_partition*:*(.bss*)
 .bss.tfm_sp_platform_stack
                0x0000000020000c40      0x500 secure_fw/partitions/platform/libtfm_psa_rot_partition_platform.a(intermedia_tfm_platform.o)
                0x0000000020000c40                tfm_sp_platform_stack
 .bss.mbedtls_mem_buf
                0x0000000020001140        0x1 secure_fw/partitions/crypto/libtfm_psa_rot_partition_crypto.a(crypto_init.o)
 *fill*         0x0000000020001141        0x3 
 .bss.scratch   0x0000000020001144      0x408 secure_fw/partitions/crypto/libtfm_psa_rot_partition_crypto.a(crypto_init.o)
 .bss.operations
                0x000000002000154c       0x28 secure_fw/partitions/crypto/libtfm_psa_rot_partition_crypto.a(crypto_alloc.o)
 *fill*         0x0000000020001574        0x4 
 .bss.tfm_sp_crypto_stack
                0x0000000020001578      0x800 secure_fw/partitions/crypto/libtfm_psa_rot_partition_crypto.a(intermedia_tfm_crypto.o)
                0x0000000020001578                tfm_sp_crypto_stack
 *tfm_psa_rot_partition*:*(COMMON)
 *(TFM_*_PSA-ROT_ATTR_ZI)
                0x0000000020001d78                . = (. + (. - start_of_TFM_PSA_ROT_LINKER)?0x0:0x4)
                0x0000000020001d80                . = ALIGN (0x20)
 *fill*         0x0000000020001d78        0x8 
                0x0000000020000c40                Image$$TFM_PSA_ROT_LINKER_DATA$$ZI$$Base = ADDR (.TFM_PSA_ROT_LINKER_BSS)
                0x0000000020001d80                Image$$TFM_PSA_ROT_LINKER_DATA$$ZI$$Limit = (ADDR (.TFM_PSA_ROT_LINKER_BSS) + SIZEOF (.TFM_PSA_ROT_LINKER_BSS))
                0x0000000020001d80                Image$$TFM_PSA_RW_STACK_END$$Base = .

.TFM_UNPRIV_CODE
                0x00000000000024e0     0x26a0
 *(SFN)
 SFN            0x00000000000024e0       0x88 secure_fw/CMakeFiles/tfm_s.dir/partitions/ns_agent_tz/psa_api_veneers_v80m.o
                0x00000000000024e0                __acle_se_tfm_psa_framework_version_veneer
                0x0000000000002506                __acle_se_tfm_psa_version_veneer
                0x000000000000252c                __acle_se_tfm_psa_call_veneer
 *(.text*)
 .text          0x0000000000002568       0x88 c:/ncs/toolchains/31f4403e35/opt/zephyr-sdk/arm-zephyr-eabi/bin/../lib/gcc/arm-zephyr-eabi/12.2.0/thumb/v8-m.main/nofp/crtbegin.o
 .text          0x00000000000025f0       0x7c c:/ncs/toolchains/31f4403e35/opt/zephyr-sdk/arm-zephyr-eabi/bin/../lib/gcc/arm-zephyr-eabi/12.2.0/../../../../arm-zephyr-eabi/lib/thumb/v8-m.main/nofp/crt0.o
                0x00000000000025f0                _stack_init
                0x00000000000025f8                _start
                0x00000000000025f8                _mainCRTStartup
 .text.clear_caller_context
                0x000000000000266c        0x8 secure_fw/CMakeFiles/tfm_s.dir/partitions/ns_agent_tz/psa_api_veneers_v80m.o
 .text.C_HardFault_Handler
                0x0000000000002674        0x4 secure_fw/CMakeFiles/tfm_s.dir/__/platform/ext/common/faults.o
                0x0000000000002674                C_HardFault_Handler
 .text.HardFault_Handler
                0x0000000000002678        0x6 secure_fw/CMakeFiles/tfm_s.dir/__/platform/ext/common/faults.o
                0x0000000000002678                HardFault_Handler
 .text.C_MemManage_Handler
                0x000000000000267e        0x4 secure_fw/CMakeFiles/tfm_s.dir/__/platform/ext/common/faults.o
                0x000000000000267e                C_MemManage_Handler
 .text.MemManage_Handler
                0x0000000000002682        0x6 secure_fw/CMakeFiles/tfm_s.dir/__/platform/ext/common/faults.o
                0x0000000000002682                MemManage_Handler
 .text.C_BusFault_Handler
                0x0000000000002688        0x4 secure_fw/CMakeFiles/tfm_s.dir/__/platform/ext/common/faults.o
                0x0000000000002688                C_BusFault_Handler
 .text.BusFault_Handler
                0x000000000000268c        0x6 secure_fw/CMakeFiles/tfm_s.dir/__/platform/ext/common/faults.o
                0x000000000000268c                BusFault_Handler
 .text.C_SecureFault_Handler
                0x0000000000002692        0x4 secure_fw/CMakeFiles/tfm_s.dir/__/platform/ext/common/faults.o
                0x0000000000002692                C_SecureFault_Handler
 .text.SecureFault_Handler
                0x0000000000002696        0x6 secure_fw/CMakeFiles/tfm_s.dir/__/platform/ext/common/faults.o
                0x0000000000002696                SecureFault_Handler
 .text.C_UsageFault_Handler
                0x000000000000269c        0x4 secure_fw/CMakeFiles/tfm_s.dir/__/platform/ext/common/faults.o
                0x000000000000269c                C_UsageFault_Handler
 .text.UsageFault_Handler
                0x00000000000026a0        0x6 secure_fw/CMakeFiles/tfm_s.dir/__/platform/ext/common/faults.o
                0x00000000000026a0                UsageFault_Handler
 .text.memset   0x00000000000026a6       0x3e secure_fw/partitions/lib/runtime/libtfm_sprt.a(crt_memset.o)
                0x00000000000026a6                memset
 .text.memcpy   0x00000000000026e4       0x4a secure_fw/partitions/lib/runtime/libtfm_sprt.a(crt_memcpy.o)
                0x00000000000026e4                memcpy
 *fill*         0x000000000000272e        0x2 
 .text.runtime_init_c
                0x0000000000002730       0x18 secure_fw/partitions/lib/runtime/libtfm_sprt.a(rt_main.o)
 .text.sprt_main
                0x0000000000002748        0x6 secure_fw/partitions/lib/runtime/libtfm_sprt.a(rt_main.o)
                0x0000000000002748                sprt_main
 *fill*         0x000000000000274e        0x2 
 .text.common_sfn_thread
                0x0000000000002750       0x84 secure_fw/partitions/lib/runtime/libtfm_sprt.a(sfn_common_thread.o)
                0x0000000000002750                common_sfn_thread
 .text.tfm_plat_load_builtin_keys
                0x00000000000027d4        0x4 platform/libplatform_crypto_keys.a(dummy_crypto_keys.o)
                0x00000000000027d4                tfm_plat_load_builtin_keys
 .text.verify_header
                0x00000000000027d8       0x40 secure_fw/partitions/crypto/mbedcrypto/nrf_security_src/libcrypto_service_mbedcrypto.a(memory_buffer_alloc.o)
 .text.verify_chain
                0x0000000000002818       0x3c secure_fw/partitions/crypto/mbedcrypto/nrf_security_src/libcrypto_service_mbedcrypto.a(memory_buffer_alloc.o)
 .text.buffer_alloc_calloc
                0x0000000000002854       0xf4 secure_fw/partitions/crypto/mbedcrypto/nrf_security_src/libcrypto_service_mbedcrypto.a(memory_buffer_alloc.o)
 .text.buffer_alloc_free
                0x0000000000002948       0xe8 secure_fw/partitions/crypto/mbedcrypto/nrf_security_src/libcrypto_service_mbedcrypto.a(memory_buffer_alloc.o)
 .text.mbedtls_memory_buffer_alloc_init
                0x0000000000002a30       0x64 secure_fw/partitions/crypto/mbedcrypto/nrf_security_src/libcrypto_service_mbedcrypto.a(memory_buffer_alloc.o)
                0x0000000000002a30                mbedtls_memory_buffer_alloc_init
 .text.platform_calloc_uninit
                0x0000000000002a94        0x4 secure_fw/partitions/crypto/mbedcrypto/nrf_security_src/libcrypto_service_mbedcrypto.a(platform.o)
 .text.platform_free_uninit
                0x0000000000002a98        0x2 secure_fw/partitions/crypto/mbedcrypto/nrf_security_src/libcrypto_service_mbedcrypto.a(platform.o)
 *fill*         0x0000000000002a9a        0x2 
 .text.mbedtls_free
                0x0000000000002a9c        0xc secure_fw/partitions/crypto/mbedcrypto/nrf_security_src/libcrypto_service_mbedcrypto.a(platform.o)
                0x0000000000002a9c                mbedtls_free
 .text.mbedtls_platform_set_calloc_free
                0x0000000000002aa8       0x14 secure_fw/partitions/crypto/mbedcrypto/nrf_security_src/libcrypto_service_mbedcrypto.a(platform.o)
                0x0000000000002aa8                mbedtls_platform_set_calloc_free
 .text.psa_remove_key_data_from_memory
                0x0000000000002abc       0x1c secure_fw/partitions/crypto/mbedcrypto/nrf_security_src/libcrypto_service_mbedcrypto.a(psa_crypto.o)
                0x0000000000002abc                psa_remove_key_data_from_memory
 .text.psa_wipe_key_slot
                0x0000000000002ad8       0x22 secure_fw/partitions/crypto/mbedcrypto/nrf_security_src/libcrypto_service_mbedcrypto.a(psa_crypto.o)
                0x0000000000002ad8                psa_wipe_key_slot
 *fill*         0x0000000000002afa        0x2 
 .text.mbedcrypto__psa_generate_random
                0x0000000000002afc       0x1c secure_fw/partitions/crypto/mbedcrypto/nrf_security_src/libcrypto_service_mbedcrypto.a(psa_crypto.o)
                0x0000000000002afc                mbedcrypto__psa_generate_random
 .text.mbedtls_psa_crypto_free
                0x0000000000002b18       0x24 secure_fw/partitions/crypto/mbedcrypto/nrf_security_src/libcrypto_service_mbedcrypto.a(psa_crypto.o)
                0x0000000000002b18                mbedtls_psa_crypto_free
 .text.mbedcrypto__psa_crypto_init
                0x0000000000002b3c       0x3c secure_fw/partitions/crypto/mbedcrypto/nrf_security_src/libcrypto_service_mbedcrypto.a(psa_crypto.o)
                0x0000000000002b3c                mbedcrypto__psa_crypto_init
 .text.psa_initialize_key_slots
                0x0000000000002b78       0x18 secure_fw/partitions/crypto/mbedcrypto/nrf_security_src/libcrypto_service_mbedcrypto.a(psa_crypto_slot_management.o)
                0x0000000000002b78                psa_initialize_key_slots
 .text.psa_wipe_all_key_slots
                0x0000000000002b90       0x2c secure_fw/partitions/crypto/mbedcrypto/nrf_security_src/libcrypto_service_mbedcrypto.a(psa_crypto_slot_management.o)
                0x0000000000002b90                psa_wipe_all_key_slots
 .text.psa_driver_wrapper_init
                0x0000000000002bbc        0x4 secure_fw/partitions/crypto/mbedcrypto/nrf_security_src/libcrypto_service_mbedcrypto.a(psa_crypto_driver_wrappers.o)
                0x0000000000002bbc                psa_driver_wrapper_init
 .text.psa_driver_wrapper_free
                0x0000000000002bc0        0x2 secure_fw/partitions/crypto/mbedcrypto/nrf_security_src/libcrypto_service_mbedcrypto.a(psa_crypto_driver_wrappers.o)
                0x0000000000002bc0                psa_driver_wrapper_free
 .text.psa_driver_wrapper_init_random
                0x0000000000002bc2        0x4 secure_fw/partitions/crypto/mbedcrypto/nrf_security_src/libcrypto_service_mbedcrypto.a(psa_crypto_driver_wrappers.o)
                0x0000000000002bc2                psa_driver_wrapper_init_random
 .text.psa_driver_wrapper_get_random
                0x0000000000002bc6       0x22 secure_fw/partitions/crypto/mbedcrypto/nrf_security_src/libcrypto_service_mbedcrypto.a(psa_crypto_driver_wrappers.o)
                0x0000000000002bc6                psa_driver_wrapper_get_random
 .text.psa_driver_wrapper_free_random
                0x0000000000002be8        0x4 secure_fw/partitions/crypto/mbedcrypto/nrf_security_src/libcrypto_service_mbedcrypto.a(psa_crypto_driver_wrappers.o)
                0x0000000000002be8                psa_driver_wrapper_free_random
 .text.nrf_cc3xx_platform_init_hmac_drbg
                0x0000000000002bec       0x44 C:/ncs/v2.4.0/nrfxlib/crypto/nrf_cc312_platform/lib/cortex-m33/soft-float/no-interrupts/libnrf_cc312_platform_0.9.17.a(nrf_cc3xx_platform.c.obj)
                0x0000000000002bec                nrf_cc3xx_platform_init_hmac_drbg
 .text.nrf_cc3xx_platform_hmac_drbg_init
                0x0000000000002c30       0x60 C:/ncs/v2.4.0/nrfxlib/crypto/nrf_cc312_platform/lib/cortex-m33/soft-float/no-interrupts/libnrf_cc312_platform_0.9.17.a(nrf_cc3xx_platform_hmac_drbg.c.obj)
                0x0000000000002c30                nrf_cc3xx_platform_hmac_drbg_init
 .text.nrf_cc3xx_platform_hmac_drbg_get
                0x0000000000002c90       0x44 C:/ncs/v2.4.0/nrfxlib/crypto/nrf_cc312_platform/lib/cortex-m33/soft-float/no-interrupts/libnrf_cc312_platform_0.9.17.a(nrf_cc3xx_platform_hmac_drbg.c.obj)
                0x0000000000002c90                nrf_cc3xx_platform_hmac_drbg_get
 .text.mbedtls_zeroize_internal
                0x0000000000002cd4       0x14 C:/ncs/v2.4.0/nrfxlib/crypto/nrf_cc312_platform/lib/cortex-m33/soft-float/no-interrupts/libnrf_cc312_platform_0.9.17.a(mbedtls_common.c.obj)
                0x0000000000002cd4                mbedtls_zeroize_internal
 .text.mbedtls_platform_zeroize
                0x0000000000002ce8       0x14 C:/ncs/v2.4.0/nrfxlib/crypto/nrf_cc312_platform/lib/cortex-m33/soft-float/no-interrupts/libnrf_cc312_platform_0.9.17.a(mbedtls_common.c.obj)
                0x0000000000002ce8                mbedtls_platform_zeroize
 .text.cc_hmac_sha256_starts.constprop.0
                0x0000000000002cfc      0x108 C:/ncs/v2.4.0/nrfxlib/crypto/nrf_cc312_platform/lib/cortex-m33/soft-float/no-interrupts/libnrf_cc312_platform_0.9.17.a(hmac_drbg_alt.c.obj)
 .text.cc_mbedtls_hmac_drbg_init
                0x0000000000002e04       0x28 C:/ncs/v2.4.0/nrfxlib/crypto/nrf_cc312_platform/lib/cortex-m33/soft-float/no-interrupts/libnrf_cc312_platform_0.9.17.a(hmac_drbg_alt.c.obj)
                0x0000000000002e04                cc_mbedtls_hmac_drbg_init
 .text.cc_mbedtls_hmac_drbg_update
                0x0000000000002e2c      0x170 C:/ncs/v2.4.0/nrfxlib/crypto/nrf_cc312_platform/lib/cortex-m33/soft-float/no-interrupts/libnrf_cc312_platform_0.9.17.a(hmac_drbg_alt.c.obj)
                0x0000000000002e2c                cc_mbedtls_hmac_drbg_update
 .text.cc_hmac_drbg_reseed_core
                0x0000000000002f9c       0xac C:/ncs/v2.4.0/nrfxlib/crypto/nrf_cc312_platform/lib/cortex-m33/soft-float/no-interrupts/libnrf_cc312_platform_0.9.17.a(hmac_drbg_alt.c.obj)
 .text.cc_mbedtls_hmac_drbg_seed
                0x0000000000003048       0x54 C:/ncs/v2.4.0/nrfxlib/crypto/nrf_cc312_platform/lib/cortex-m33/soft-float/no-interrupts/libnrf_cc312_platform_0.9.17.a(hmac_drbg_alt.c.obj)
                0x0000000000003048                cc_mbedtls_hmac_drbg_seed
 .text.cc_mbedtls_hmac_drbg_random_with_add
                0x000000000000309c      0x144 C:/ncs/v2.4.0/nrfxlib/crypto/nrf_cc312_platform/lib/cortex-m33/soft-float/no-interrupts/libnrf_cc312_platform_0.9.17.a(hmac_drbg_alt.c.obj)
                0x000000000000309c                cc_mbedtls_hmac_drbg_random_with_add
 .text.entropy_update
                0x00000000000031e0       0x7c C:/ncs/v2.4.0/nrfxlib/crypto/nrf_cc312_platform/lib/cortex-m33/soft-float/no-interrupts/libnrf_cc312_platform_0.9.17.a(entropy.c.obj)
 .text.entropy_gather_internal.part.0
                0x000000000000325c       0x88 C:/ncs/v2.4.0/nrfxlib/crypto/nrf_cc312_platform/lib/cortex-m33/soft-float/no-interrupts/libnrf_cc312_platform_0.9.17.a(entropy.c.obj)
 .text.cc_mbedtls_entropy_init
                0x00000000000032e4       0x84 C:/ncs/v2.4.0/nrfxlib/crypto/nrf_cc312_platform/lib/cortex-m33/soft-float/no-interrupts/libnrf_cc312_platform_0.9.17.a(entropy.c.obj)
                0x00000000000032e4                cc_mbedtls_entropy_init
 .text.cc_mbedtls_entropy_func
                0x0000000000003368      0x110 C:/ncs/v2.4.0/nrfxlib/crypto/nrf_cc312_platform/lib/cortex-m33/soft-float/no-interrupts/libnrf_cc312_platform_0.9.17.a(entropy.c.obj)
                0x0000000000003368                cc_mbedtls_entropy_func
 .text.RndStartupTest.constprop.0
                0x0000000000003478       0xac C:/ncs/v2.4.0/nrfxlib/crypto/nrf_cc312_platform/lib/cortex-m33/soft-float/no-interrupts/libnrf_cc312_platform_0.9.17.a(cc_lib.c.obj)
 .text.CC_LibInit_HMAC_DRBG
                0x0000000000003524       0x74 C:/ncs/v2.4.0/nrfxlib/crypto/nrf_cc312_platform/lib/cortex-m33/soft-float/no-interrupts/libnrf_cc312_platform_0.9.17.a(cc_lib.c.obj)
                0x0000000000003524                CC_LibInit_HMAC_DRBG
 .text.CC_HalInit
                0x0000000000003598        0x4 C:/ncs/v2.4.0/nrfxlib/crypto/nrf_cc312_platform/lib/cortex-m33/soft-float/no-interrupts/libnrf_cc312_platform_0.9.17.a(cc_hal.c.obj)
                0x0000000000003598                CC_HalInit
 .text.CC_HalClearInterruptBit
                0x000000000000359c       0x1c C:/ncs/v2.4.0/nrfxlib/crypto/nrf_cc312_platform/lib/cortex-m33/soft-float/no-interrupts/libnrf_cc312_platform_0.9.17.a(cc_hal.c.obj)
                0x000000000000359c                CC_HalClearInterruptBit
 .text.CC_HalMaskInterrupt
                0x00000000000035b8        0xc C:/ncs/v2.4.0/nrfxlib/crypto/nrf_cc312_platform/lib/cortex-m33/soft-float/no-interrupts/libnrf_cc312_platform_0.9.17.a(cc_hal.c.obj)
                0x00000000000035b8                CC_HalMaskInterrupt
 .text.CC_HalWaitInterrupt
                0x00000000000035c4        0xc C:/ncs/v2.4.0/nrfxlib/crypto/nrf_cc312_platform/lib/cortex-m33/soft-float/no-interrupts/libnrf_cc312_platform_0.9.17.a(cc_hal.c.obj)
                0x00000000000035c4                CC_HalWaitInterrupt
 .text.CC_HalWaitInterruptRND
                0x00000000000035d0        0xc C:/ncs/v2.4.0/nrfxlib/crypto/nrf_cc312_platform/lib/cortex-m33/soft-float/no-interrupts/libnrf_cc312_platform_0.9.17.a(cc_hal.c.obj)
                0x00000000000035d0                CC_HalWaitInterruptRND
 .text.CC_PalInit
                0x00000000000035dc       0x5c C:/ncs/v2.4.0/nrfxlib/crypto/nrf_cc312_platform/lib/cortex-m33/soft-float/no-interrupts/libnrf_cc312_platform_0.9.17.a(cc_pal.c.obj)
                0x00000000000035dc                CC_PalInit
 .text.CC_PalTerminate
                0x0000000000003638       0x34 C:/ncs/v2.4.0/nrfxlib/crypto/nrf_cc312_platform/lib/cortex-m33/soft-float/no-interrupts/libnrf_cc312_platform_0.9.17.a(cc_pal.c.obj)
                0x0000000000003638                CC_PalTerminate
 .text.CC_PalDmaInit
                0x000000000000366c        0x4 C:/ncs/v2.4.0/nrfxlib/crypto/nrf_cc312_platform/lib/cortex-m33/soft-float/no-interrupts/libnrf_cc312_platform_0.9.17.a(cc_pal_dma.c.obj)
                0x000000000000366c                CC_PalDmaInit
 .text.CC_PalDmaTerminate
                0x0000000000003670        0x4 C:/ncs/v2.4.0/nrfxlib/crypto/nrf_cc312_platform/lib/cortex-m33/soft-float/no-interrupts/libnrf_cc312_platform_0.9.17.a(cc_pal_dma.c.obj)
                0x0000000000003670                CC_PalDmaTerminate
 .text.CC_PalWaitInterruptRND
                0x0000000000003674       0x38 C:/ncs/v2.4.0/nrfxlib/crypto/nrf_cc312_platform/lib/cortex-m33/soft-float/no-interrupts/libnrf_cc312_platform_0.9.17.a(cc_pal_interrupt_ctrl.c.obj)
                0x0000000000003674                CC_PalWaitInterruptRND
 .text.CC_PalWaitInterrupt
                0x00000000000036ac       0x28 C:/ncs/v2.4.0/nrfxlib/crypto/nrf_cc312_platform/lib/cortex-m33/soft-float/no-interrupts/libnrf_cc312_platform_0.9.17.a(cc_pal_interrupt_ctrl.c.obj)
                0x00000000000036ac                CC_PalWaitInterrupt
 .text.CC_PalMemCopyPlat
                0x00000000000036d4        0x4 C:/ncs/v2.4.0/nrfxlib/crypto/nrf_cc312_platform/lib/cortex-m33/soft-float/no-interrupts/libnrf_cc312_platform_0.9.17.a(cc_pal_mem.c.obj)
                0x00000000000036d4                CC_PalMemCopyPlat
 .text.CC_PalMemSetZeroPlat
                0x00000000000036d8        0x8 C:/ncs/v2.4.0/nrfxlib/crypto/nrf_cc312_platform/lib/cortex-m33/soft-float/no-interrupts/libnrf_cc312_platform_0.9.17.a(cc_pal_mem.c.obj)
                0x00000000000036d8                CC_PalMemSetZeroPlat
 .text.CC_PalMutexCreate
                0x00000000000036e0       0x14 C:/ncs/v2.4.0/nrfxlib/crypto/nrf_cc312_platform/lib/cortex-m33/soft-float/no-interrupts/libnrf_cc312_platform_0.9.17.a(cc_pal_mutex.c.obj)
                0x00000000000036e0                CC_PalMutexCreate
 .text.CC_PalMutexDestroy
                0x00000000000036f4       0x14 C:/ncs/v2.4.0/nrfxlib/crypto/nrf_cc312_platform/lib/cortex-m33/soft-float/no-interrupts/libnrf_cc312_platform_0.9.17.a(cc_pal_mutex.c.obj)
                0x00000000000036f4                CC_PalMutexDestroy
 .text.CC_PalMutexLock
                0x0000000000003708       0x10 C:/ncs/v2.4.0/nrfxlib/crypto/nrf_cc312_platform/lib/cortex-m33/soft-float/no-interrupts/libnrf_cc312_platform_0.9.17.a(cc_pal_mutex.c.obj)
                0x0000000000003708                CC_PalMutexLock
 .text.CC_PalMutexUnlock
                0x0000000000003718       0x14 C:/ncs/v2.4.0/nrfxlib/crypto/nrf_cc312_platform/lib/cortex-m33/soft-float/no-interrupts/libnrf_cc312_platform_0.9.17.a(cc_pal_mutex.c.obj)
                0x0000000000003718                CC_PalMutexUnlock
 .text.CC_PalPowerSaveModeInit
                0x000000000000372c       0x3c C:/ncs/v2.4.0/nrfxlib/crypto/nrf_cc312_platform/lib/cortex-m33/soft-float/no-interrupts/libnrf_cc312_platform_0.9.17.a(cc_pal_pm.c.obj)
                0x000000000000372c                CC_PalPowerSaveModeInit
 .text.CC_PalPowerSaveModeSelect
                0x0000000000003768       0x84 C:/ncs/v2.4.0/nrfxlib/crypto/nrf_cc312_platform/lib/cortex-m33/soft-float/no-interrupts/libnrf_cc312_platform_0.9.17.a(cc_pal_pm.c.obj)
                0x0000000000003768                CC_PalPowerSaveModeSelect
 .text.mutex_init
                0x00000000000037ec        0xc C:/ncs/v2.4.0/nrfxlib/crypto/nrf_cc312_platform/lib/cortex-m33/soft-float/no-interrupts/libnrf_cc312_platform_0.9.17.a(threading_alt.c.obj)
                0x00000000000037ec                mutex_init
 .text.mutex_lock
                0x00000000000037f8        0xc C:/ncs/v2.4.0/nrfxlib/crypto/nrf_cc312_platform/lib/cortex-m33/soft-float/no-interrupts/libnrf_cc312_platform_0.9.17.a(threading_alt.c.obj)
                0x00000000000037f8                mutex_lock
 .text.mutex_unlock
                0x0000000000003804        0xc C:/ncs/v2.4.0/nrfxlib/crypto/nrf_cc312_platform/lib/cortex-m33/soft-float/no-interrupts/libnrf_cc312_platform_0.9.17.a(threading_alt.c.obj)
                0x0000000000003804                mutex_unlock
 .text.nrf_cc3xx_platform_abort
                0x0000000000003810       0x24 C:/ncs/v2.4.0/nrfxlib/crypto/nrf_cc312_platform/lib/cortex-m33/soft-float/no-interrupts/libnrf_cc312_platform_0.9.17.a(nrf_cc3xx_platform_abort.c.obj)
 .text.CC_PalAbort
                0x0000000000003834       0x44 C:/ncs/v2.4.0/nrfxlib/crypto/nrf_cc312_platform/lib/cortex-m33/soft-float/no-interrupts/libnrf_cc312_platform_0.9.17.a(nrf_cc3xx_platform_abort.c.obj)
                0x0000000000003834                CC_PalAbort
 .text.mutex_free
                0x0000000000003878       0x34 C:/ncs/v2.4.0/nrfxlib/crypto/nrf_cc312_platform/lib/cortex-m33/soft-float/no-interrupts/libnrf_cc312_platform_0.9.17.a(nrf_cc3xx_platform_mutex.c.obj)
 .text.mutex_lock
                0x00000000000038ac       0x48 C:/ncs/v2.4.0/nrfxlib/crypto/nrf_cc312_platform/lib/cortex-m33/soft-float/no-interrupts/libnrf_cc312_platform_0.9.17.a(nrf_cc3xx_platform_mutex.c.obj)
 .text.mutex_unlock
                0x00000000000038f4       0x38 C:/ncs/v2.4.0/nrfxlib/crypto/nrf_cc312_platform/lib/cortex-m33/soft-float/no-interrupts/libnrf_cc312_platform_0.9.17.a(nrf_cc3xx_platform_mutex.c.obj)
 .text.mutex_init
                0x000000000000392c       0x20 C:/ncs/v2.4.0/nrfxlib/crypto/nrf_cc312_platform/lib/cortex-m33/soft-float/no-interrupts/libnrf_cc312_platform_0.9.17.a(nrf_cc3xx_platform_mutex.c.obj)
 .text.startTrngHW
                0x000000000000394c      0x130 C:/ncs/v2.4.0/nrfxlib/crypto/nrf_cc312_platform/lib/cortex-m33/soft-float/no-interrupts/libnrf_cc312_platform_0.9.17.a(llf_rnd_trng90b.c.obj)
 .text.LLF_RND_RepetitionCounterTest
                0x0000000000003a7c       0x64 C:/ncs/v2.4.0/nrfxlib/crypto/nrf_cc312_platform/lib/cortex-m33/soft-float/no-interrupts/libnrf_cc312_platform_0.9.17.a(llf_rnd_trng90b.c.obj)
                0x0000000000003a7c                LLF_RND_RepetitionCounterTest
 .text.LLF_RND_AdaptiveProportionTest
                0x0000000000003ae0       0x80 C:/ncs/v2.4.0/nrfxlib/crypto/nrf_cc312_platform/lib/cortex-m33/soft-float/no-interrupts/libnrf_cc312_platform_0.9.17.a(llf_rnd_trng90b.c.obj)
                0x0000000000003ae0                LLF_RND_AdaptiveProportionTest
 .text.getTrngSource
                0x0000000000003b60      0x2a8 C:/ncs/v2.4.0/nrfxlib/crypto/nrf_cc312_platform/lib/cortex-m33/soft-float/no-interrupts/libnrf_cc312_platform_0.9.17.a(llf_rnd_trng90b.c.obj)
 .text.LLF_RND_GetTrngSource
                0x0000000000003e08       0x18 C:/ncs/v2.4.0/nrfxlib/crypto/nrf_cc312_platform/lib/cortex-m33/soft-float/no-interrupts/libnrf_cc312_platform_0.9.17.a(llf_rnd_trng90b.c.obj)
                0x0000000000003e08                LLF_RND_GetTrngSource
 .text.LLF_RND_RunTrngStartupTest
                0x0000000000003e20       0x1c C:/ncs/v2.4.0/nrfxlib/crypto/nrf_cc312_platform/lib/cortex-m33/soft-float/no-interrupts/libnrf_cc312_platform_0.9.17.a(llf_rnd_trng90b.c.obj)
                0x0000000000003e20                LLF_RND_RunTrngStartupTest
 .text.mbedtls_hardware_poll
                0x0000000000003e3c      0x104 C:/ncs/v2.4.0/nrfxlib/crypto/nrf_cc312_platform/lib/cortex-m33/soft-float/no-interrupts/libnrf_cc312_platform_0.9.17.a(trng_api.c.obj)
                0x0000000000003e3c                mbedtls_hardware_poll
 .text.cc_mbedtls_sha256_init
                0x0000000000003f40       0x28 C:/ncs/v2.4.0/nrfxlib/crypto/nrf_cc312_platform/lib/cortex-m33/soft-float/no-interrupts/libnrf_cc312_platform_0.9.17.a(sha256_alt.c.obj)
                0x0000000000003f40                cc_mbedtls_sha256_init
 .text.cc_mbedtls_sha256_free
                0x0000000000003f68        0xc C:/ncs/v2.4.0/nrfxlib/crypto/nrf_cc312_platform/lib/cortex-m33/soft-float/no-interrupts/libnrf_cc312_platform_0.9.17.a(sha256_alt.c.obj)
                0x0000000000003f68                cc_mbedtls_sha256_free
 .text.cc_mbedtls_sha256_starts
                0x0000000000003f74       0x28 C:/ncs/v2.4.0/nrfxlib/crypto/nrf_cc312_platform/lib/cortex-m33/soft-float/no-interrupts/libnrf_cc312_platform_0.9.17.a(sha256_alt.c.obj)
                0x0000000000003f74                cc_mbedtls_sha256_starts
 .text.cc_mbedtls_sha256_update
                0x0000000000003f9c       0x54 C:/ncs/v2.4.0/nrfxlib/crypto/nrf_cc312_platform/lib/cortex-m33/soft-float/no-interrupts/libnrf_cc312_platform_0.9.17.a(sha256_alt.c.obj)
                0x0000000000003f9c                cc_mbedtls_sha256_update
 .text.cc_mbedtls_sha256_finish
                0x0000000000003ff0       0x48 C:/ncs/v2.4.0/nrfxlib/crypto/nrf_cc312_platform/lib/cortex-m33/soft-float/no-interrupts/libnrf_cc312_platform_0.9.17.a(sha256_alt.c.obj)
                0x0000000000003ff0                cc_mbedtls_sha256_finish
 .text.mbedtls_sha_starts_internal
                0x0000000000004038       0x28 C:/ncs/v2.4.0/nrfxlib/crypto/nrf_cc312_platform/lib/cortex-m33/soft-float/no-interrupts/libnrf_cc312_platform_0.9.17.a(mbedtls_hash_common.c.obj)
                0x0000000000004038                mbedtls_sha_starts_internal
 .text.mbedtls_sha_finish_internal
                0x0000000000004060       0x5c C:/ncs/v2.4.0/nrfxlib/crypto/nrf_cc312_platform/lib/cortex-m33/soft-float/no-interrupts/libnrf_cc312_platform_0.9.17.a(mbedtls_hash_common.c.obj)
                0x0000000000004060                mbedtls_sha_finish_internal
 .text.mbedtls_sha_update_internal
                0x00000000000040bc      0x1ec C:/ncs/v2.4.0/nrfxlib/crypto/nrf_cc312_platform/lib/cortex-m33/soft-float/no-interrupts/libnrf_cc312_platform_0.9.17.a(mbedtls_hash_common.c.obj)
                0x00000000000040bc                mbedtls_sha_update_internal
 .text.cc_mbedtls_sha256
                0x00000000000042a8       0x50 C:/ncs/v2.4.0/nrfxlib/crypto/nrf_cc312_platform/lib/cortex-m33/soft-float/no-interrupts/libnrf_cc312_platform_0.9.17.a(sha256.c.obj)
                0x00000000000042a8                cc_mbedtls_sha256
 .text.RNG_PLAT_SetUserRngParameters
                0x00000000000042f8       0x74 C:/ncs/v2.4.0/nrfxlib/crypto/nrf_cc312_platform/lib/cortex-m33/soft-float/no-interrupts/libnrf_cc312_platform_0.9.17.a(cc_rng_plat.c.obj)
                0x00000000000042f8                RNG_PLAT_SetUserRngParameters
 .text.CC_PalTrngParamGet
                0x000000000000436c       0xac C:/ncs/v2.4.0/nrfxlib/crypto/nrf_cc312_platform/lib/cortex-m33/soft-float/no-interrupts/libnrf_cc312_platform_0.9.17.a(cc_pal_trng.c.obj)
                0x000000000000436c                CC_PalTrngParamGet
 .text.LLF_RND_WaitRngInterrupt
                0x0000000000004418       0x20 C:/ncs/v2.4.0/nrfxlib/crypto/nrf_cc312_platform/lib/cortex-m33/soft-float/no-interrupts/libnrf_cc312_platform_0.9.17.a(llf_rnd.c.obj)
                0x0000000000004418                LLF_RND_WaitRngInterrupt
 .text.LLF_RND_GetRoscSampleCnt
                0x0000000000004438       0x34 C:/ncs/v2.4.0/nrfxlib/crypto/nrf_cc312_platform/lib/cortex-m33/soft-float/no-interrupts/libnrf_cc312_platform_0.9.17.a(llf_rnd.c.obj)
                0x0000000000004438                LLF_RND_GetRoscSampleCnt
 .text.LLF_RND_GetFastestRosc
                0x000000000000446c       0x20 C:/ncs/v2.4.0/nrfxlib/crypto/nrf_cc312_platform/lib/cortex-m33/soft-float/no-interrupts/libnrf_cc312_platform_0.9.17.a(llf_rnd.c.obj)
                0x000000000000446c                LLF_RND_GetFastestRosc
 .text.LLF_RND_TurnOffTrng
                0x000000000000448c       0x24 C:/ncs/v2.4.0/nrfxlib/crypto/nrf_cc312_platform/lib/cortex-m33/soft-float/no-interrupts/libnrf_cc312_platform_0.9.17.a(llf_rnd.c.obj)
                0x000000000000448c                LLF_RND_TurnOffTrng
 .text.SetDataBuffersInfo
                0x00000000000044b0       0x64 C:/ncs/v2.4.0/nrfxlib/crypto/nrf_cc312_platform/lib/cortex-m33/soft-float/no-interrupts/libnrf_cc312_platform_0.9.17.a(driver_common.c.obj)
                0x00000000000044b0                SetDataBuffersInfo
 .text.InitHashDrv
                0x0000000000004514       0x50 C:/ncs/v2.4.0/nrfxlib/crypto/nrf_cc312_platform/lib/cortex-m33/soft-float/no-interrupts/libnrf_cc312_platform_0.9.17.a(hash_driver.c.obj)
                0x0000000000004514                InitHashDrv
 .text.ProcessHashDrv
                0x0000000000004564      0x210 C:/ncs/v2.4.0/nrfxlib/crypto/nrf_cc312_platform/lib/cortex-m33/soft-float/no-interrupts/libnrf_cc312_platform_0.9.17.a(hash_driver.c.obj)
                0x0000000000004564                ProcessHashDrv
 .text.FinishHashDrv
                0x0000000000004774       0x74 C:/ncs/v2.4.0/nrfxlib/crypto/nrf_cc312_platform/lib/cortex-m33/soft-float/no-interrupts/libnrf_cc312_platform_0.9.17.a(hash_driver.c.obj)
                0x0000000000004774                FinishHashDrv
 .text.CC_PalDataBufferAttrGet
                0x00000000000047e8        0x8 C:/ncs/v2.4.0/nrfxlib/crypto/nrf_cc312_platform/lib/cortex-m33/soft-float/no-interrupts/libnrf_cc312_platform_0.9.17.a(cc_pal_buff_attr.c.obj)
                0x00000000000047e8                CC_PalDataBufferAttrGet
 .text          0x00000000000047f0       0xc8 c:/ncs/toolchains/31f4403e35/opt/zephyr-sdk/arm-zephyr-eabi/bin/../lib/gcc/arm-zephyr-eabi/12.2.0/thumb/v8-m.main/nofp\libgcc.a(cmse.o)
                0x00000000000047f0                cmse_check_address_range
 .text.exit     0x00000000000048b8       0x28 c:/ncs/toolchains/31f4403e35/opt/zephyr-sdk/arm-zephyr-eabi/bin/../lib/gcc/arm-zephyr-eabi/12.2.0/../../../../arm-zephyr-eabi/lib/thumb/v8-m.main/nofp\libc_nano.a(lib_a-exit.o)
                0x00000000000048b8                exit
 .text.__libc_init_array
                0x00000000000048e0       0x48 c:/ncs/toolchains/31f4403e35/opt/zephyr-sdk/arm-zephyr-eabi/bin/../lib/gcc/arm-zephyr-eabi/12.2.0/../../../../arm-zephyr-eabi/lib/thumb/v8-m.main/nofp\libc_nano.a(lib_a-init.o)
                0x00000000000048e0                __libc_init_array
 .text.memmove  0x0000000000004928       0x34 c:/ncs/toolchains/31f4403e35/opt/zephyr-sdk/arm-zephyr-eabi/bin/../lib/gcc/arm-zephyr-eabi/12.2.0/../../../../arm-zephyr-eabi/lib/thumb/v8-m.main/nofp\libc_nano.a(lib_a-memmove.o)
                0x0000000000004928                memmove
 .text._exit    0x000000000000495c        0x4 c:/ncs/toolchains/31f4403e35/opt/zephyr-sdk/arm-zephyr-eabi/bin/../lib/gcc/arm-zephyr-eabi/12.2.0/../../../../arm-zephyr-eabi/lib/thumb/v8-m.main/nofp\libnosys.a(_exit.o)
                0x000000000000495c                _exit
 *(.init)
 .init          0x0000000000004960        0x4 c:/ncs/toolchains/31f4403e35/opt/zephyr-sdk/arm-zephyr-eabi/bin/../lib/gcc/arm-zephyr-eabi/12.2.0/thumb/v8-m.main/nofp/crti.o
                0x0000000000004960                _init
 .init          0x0000000000004964        0x8 c:/ncs/toolchains/31f4403e35/opt/zephyr-sdk/arm-zephyr-eabi/bin/../lib/gcc/arm-zephyr-eabi/12.2.0/thumb/v8-m.main/nofp/crtn.o
 *(.fini)
 .fini          0x000000000000496c        0x4 c:/ncs/toolchains/31f4403e35/opt/zephyr-sdk/arm-zephyr-eabi/bin/../lib/gcc/arm-zephyr-eabi/12.2.0/thumb/v8-m.main/nofp/crti.o
                0x000000000000496c                _fini
 .fini          0x0000000000004970        0x8 c:/ncs/toolchains/31f4403e35/opt/zephyr-sdk/arm-zephyr-eabi/bin/../lib/gcc/arm-zephyr-eabi/12.2.0/thumb/v8-m.main/nofp/crtn.o
 *crtbegin.o(.ctors)
 *crtbegin?.o(.ctors)
 *(EXCLUDE_FILE(*crtend.o *crtend?.o) .ctors)
 *(SORT_BY_NAME(.ctors.*))
 *(.ctors)
 *crtbegin.o(.dtors)
 *crtbegin?.o(.dtors)
 *(EXCLUDE_FILE(*crtend.o *crtend?.o) .dtors)
 *(SORT_BY_NAME(.dtors.*))
 *(.dtors)
 *(.rodata*)
 .rodata.str1.1
                0x0000000000004978        0xb secure_fw/CMakeFiles/tfm_s.dir/__/generated/secure_fw/partitions/crypto/auto_generated/load_info_tfm_crypto.o
 .rodata.str1.1
                0x0000000000004983       0x15 secure_fw/CMakeFiles/tfm_s.dir/__/generated/secure_fw/partitions/platform/auto_generated/load_info_tfm_platform.o
 .rodata.CSWTCH.10
                0x0000000000004998       0x20 C:/ncs/v2.4.0/nrfxlib/crypto/nrf_cc312_platform/lib/cortex-m33/soft-float/no-interrupts/libnrf_cc312_platform_0.9.17.a(nrf_cc3xx_platform.c.obj)
 .rodata.RndStartupTest.constprop.0.str1.4
                0x00000000000049b8       0x6f C:/ncs/v2.4.0/nrfxlib/crypto/nrf_cc312_platform/lib/cortex-m33/soft-float/no-interrupts/libnrf_cc312_platform_0.9.17.a(cc_lib.c.obj)
 *fill*         0x0000000000004a27        0x1 
 .rodata.CC_PalPowerSaveModeInit.str1.4
                0x0000000000004a28       0x20 C:/ncs/v2.4.0/nrfxlib/crypto/nrf_cc312_platform/lib/cortex-m33/soft-float/no-interrupts/libnrf_cc312_platform_0.9.17.a(cc_pal_pm.c.obj)
 .rodata.mutex_free.str1.4
                0x0000000000004a48       0x26 C:/ncs/v2.4.0/nrfxlib/crypto/nrf_cc312_platform/lib/cortex-m33/soft-float/no-interrupts/libnrf_cc312_platform_0.9.17.a(nrf_cc3xx_platform_mutex.c.obj)
 *fill*         0x0000000000004a6e        0x2 
 .rodata.mutex_init.str1.4
                0x0000000000004a70       0x23 C:/ncs/v2.4.0/nrfxlib/crypto/nrf_cc312_platform/lib/cortex-m33/soft-float/no-interrupts/libnrf_cc312_platform_0.9.17.a(nrf_cc3xx_platform_mutex.c.obj)
 *fill*         0x0000000000004a93        0x1 
 .rodata.mbedtls_hardware_poll.str1.4
                0x0000000000004a94       0x16 C:/ncs/v2.4.0/nrfxlib/crypto/nrf_cc312_platform/lib/cortex-m33/soft-float/no-interrupts/libnrf_cc312_platform_0.9.17.a(trng_api.c.obj)
                                         0x6e (size before relaxing)
 *fill*         0x0000000000004aaa        0x2 
 .rodata.cc_mbedtls_sha256_init.str1.4
                0x0000000000004aac        0xe C:/ncs/v2.4.0/nrfxlib/crypto/nrf_cc312_platform/lib/cortex-m33/soft-float/no-interrupts/libnrf_cc312_platform_0.9.17.a(sha256_alt.c.obj)
 .rodata.ProcessHashDrv.str1.4
                0x0000000000004aba       0x6f C:/ncs/v2.4.0/nrfxlib/crypto/nrf_cc312_platform/lib/cortex-m33/soft-float/no-interrupts/libnrf_cc312_platform_0.9.17.a(hash_driver.c.obj)
 *fill*         0x0000000000004aba        0x2 
 .rodata.HASH_LARVAL_SHA256
                0x0000000000004abc       0x20 C:/ncs/v2.4.0/nrfxlib/crypto/nrf_cc312_platform/lib/cortex-m33/soft-float/no-interrupts/libnrf_cc312_platform_0.9.17.a(hash_driver.c.obj)
 .rodata.HASH_LARVAL_SHA224
                0x0000000000004adc       0x20 C:/ncs/v2.4.0/nrfxlib/crypto/nrf_cc312_platform/lib/cortex-m33/soft-float/no-interrupts/libnrf_cc312_platform_0.9.17.a(hash_driver.c.obj)
 .rodata.HASH_LARVAL_SHA1
                0x0000000000004afc       0x14 C:/ncs/v2.4.0/nrfxlib/crypto/nrf_cc312_platform/lib/cortex-m33/soft-float/no-interrupts/libnrf_cc312_platform_0.9.17.a(hash_driver.c.obj)
 .rodata._global_impure_ptr
                0x0000000000004b10        0x4 c:/ncs/toolchains/31f4403e35/opt/zephyr-sdk/arm-zephyr-eabi/bin/../lib/gcc/arm-zephyr-eabi/12.2.0/../../../../arm-zephyr-eabi/lib/thumb/v8-m.main/nofp\libc_nano.a(lib_a-impure.o)
                0x0000000000004b10                _global_impure_ptr
 .rodata.__sf_fake_stderr
                0x0000000000004b14       0x20 c:/ncs/toolchains/31f4403e35/opt/zephyr-sdk/arm-zephyr-eabi/bin/../lib/gcc/arm-zephyr-eabi/12.2.0/../../../../arm-zephyr-eabi/lib/thumb/v8-m.main/nofp\libc_nano.a(lib_a-findfp.o)
                0x0000000000004b14                __sf_fake_stderr
 .rodata.__sf_fake_stdout
                0x0000000000004b34       0x20 c:/ncs/toolchains/31f4403e35/opt/zephyr-sdk/arm-zephyr-eabi/bin/../lib/gcc/arm-zephyr-eabi/12.2.0/../../../../arm-zephyr-eabi/lib/thumb/v8-m.main/nofp\libc_nano.a(lib_a-findfp.o)
                0x0000000000004b34                __sf_fake_stdout
 .rodata.__sf_fake_stdin
                0x0000000000004b54       0x20 c:/ncs/toolchains/31f4403e35/opt/zephyr-sdk/arm-zephyr-eabi/bin/../lib/gcc/arm-zephyr-eabi/12.2.0/../../../../arm-zephyr-eabi/lib/thumb/v8-m.main/nofp\libc_nano.a(lib_a-findfp.o)
                0x0000000000004b54                __sf_fake_stdin
 *(.eh_frame*)
 .eh_frame      0x0000000000004b74        0x0 c:/ncs/toolchains/31f4403e35/opt/zephyr-sdk/arm-zephyr-eabi/bin/../lib/gcc/arm-zephyr-eabi/12.2.0/thumb/v8-m.main/nofp/crtbegin.o
 .eh_frame      0x0000000000004b74        0x4 c:/ncs/toolchains/31f4403e35/opt/zephyr-sdk/arm-zephyr-eabi/bin/../lib/gcc/arm-zephyr-eabi/12.2.0/thumb/v8-m.main/nofp/crtend.o
                0x0000000000004b80                . = ALIGN (0x20)
 *fill*         0x0000000000004b78        0x8 
                0x00000000000024e0                Image$$TFM_UNPRIV_CODE$$RO$$Base = ADDR (.TFM_UNPRIV_CODE)
                0x0000000000004b80                Image$$TFM_UNPRIV_CODE$$RO$$Limit = (ADDR (.TFM_UNPRIV_CODE) + SIZEOF (.TFM_UNPRIV_CODE))

.glue_7         0x0000000000004b80        0x0
 .glue_7        0x0000000000004b80        0x0 linker stubs

.glue_7t        0x0000000000004b80        0x0
 .glue_7t       0x0000000000004b80        0x0 linker stubs

.vfp11_veneer   0x0000000000004b80        0x0
 .vfp11_veneer  0x0000000000004b80        0x0 linker stubs

.v4_bx          0x0000000000004b80        0x0
 .v4_bx         0x0000000000004b80        0x0 linker stubs

.iplt           0x0000000000004b80        0x0
 .iplt          0x0000000000004b80        0x0 c:/ncs/toolchains/31f4403e35/opt/zephyr-sdk/arm-zephyr-eabi/bin/../lib/gcc/arm-zephyr-eabi/12.2.0/thumb/v8-m.main/nofp/crtbegin.o

.psa_interface_cross_call
                0x0000000000004b80       0x8c
 .psa_interface_cross_call
                0x0000000000004b80       0x8c secure_fw/partitions/lib/runtime/libtfm_sprt.a(psa_interface_cross.o)
                0x0000000000004b86                psa_framework_version_cross
                0x0000000000004b8e                psa_version_cross
                0x0000000000004b96                tfm_psa_call_pack_cross
                0x0000000000004b9e                psa_wait_cross
                0x0000000000004ba6                psa_get_cross
                0x0000000000004bae                psa_read_cross
                0x0000000000004bb6                psa_skip_cross
                0x0000000000004bbe                psa_write_cross
                0x0000000000004bc6                psa_reply_cross
                0x0000000000004bce                psa_panic_cross
                0x0000000000004bd6                psa_rot_lifecycle_state_cross

.rel.dyn        0x0000000000004c0c        0x0
 .rel.iplt      0x0000000000004c0c        0x0 c:/ncs/toolchains/31f4403e35/opt/zephyr-sdk/arm-zephyr-eabi/bin/../lib/gcc/arm-zephyr-eabi/12.2.0/thumb/v8-m.main/nofp/crtbegin.o

.ARM.exidx      0x0000000000004c0c        0x8
 .ARM.exidx     0x0000000000004c0c        0x8 c:/ncs/toolchains/31f4403e35/opt/zephyr-sdk/arm-zephyr-eabi/bin/../lib/gcc/arm-zephyr-eabi/12.2.0/../../../../arm-zephyr-eabi/lib/thumb/v8-m.main/nofp/crt0.o
                                         0x10 (size before relaxing)

.gnu.sgstubs    0x0000000000007c00       0x20
 *(.gnu.sgstubs*)
 .gnu.sgstubs.__stub
                0x0000000000007c00       0x18 linker stubs
                0x0000000000007c00                tfm_psa_framework_version_veneer
                0x0000000000007c08                tfm_psa_version_veneer
                0x0000000000007c10                tfm_psa_call_veneer

.sgstubs_end    0x0000000000008000        0x0

.TFM_DATA       0x0000000020001d80       0xf0 load address 0x0000000000007c20
 *(.data*)
 .data.dev_mpu_s